35.178.78.33 - - [27/Oct/2023:10:57:16 +0000] "GET / HTTP/1.1" 502 568 "-" "Mozilla/5.0 (X11; Linux x86_64) AppleWebKit/537.36 (KHTML, like Gecko) Chrome/118.0.0.0 Safari/537.36"
35.178.78.33 - - [27/Oct/2023:10:57:17 +0000] "GET / HTTP/1.1" 502 568 "-" "Mozilla/5.0 (X11; Linux x86_64) AppleWebKit/537.36 (KHTML, like Gecko) Chrome/118.0.0.0 Safari/537.36"
35.178.78.33 - - [27/Oct/2023:10:57:31 +0000] "GET / HTTP/1.1" 502 568 "-" "Mozilla/5.0 (X11; Linux x86_64) AppleWebKit/537.36 (KHTML, like Gecko) Chrome/118.0.0.0 Safari/537.36"
35.178.78.33 - - [27/Oct/2023:11:00:57 +0000] "GET / HTTP/1.1" 200 1203 "-" "Mozilla/5.0 (X11; Linux x86_64) AppleWebKit/537.36 (KHTML, like Gecko) Chrome/118.0.0.0 Safari/537.36"
35.178.78.33 - - [27/Oct/2023:11:00:58 +0000] "GET /static/css/app.css HTTP/1.1" 200 43 "http://djblog.grivis.space/" "Mozilla/5.0 (X11; Linux x86_64) AppleWebKit/537.36 (KHTML, like Gecko) Chrome/118.0.0.0 Safari/537.36"
35.178.78.33 - - [27/Oct/2023:11:00:58 +0000] "GET /static/js/popper.min.js HTTP/1.1" 200 20122 "http://djblog.grivis.space/" "Mozilla/5.0 (X11; Linux x86_64) AppleWebKit/537.36 (KHTML, like Gecko) Chrome/118.0.0.0 Safari/537.36"
35.178.78.33 - - [27/Oct/2023:11:00:58 +0000] "GET /static/js/bootstrap.min.js HTTP/1.1" 200 60505 "http://djblog.grivis.space/" "Mozilla/5.0 (X11; Linux x86_64) AppleWebKit/537.36 (KHTML, like Gecko) Chrome/118.0.0.0 Safari/537.36"
35.178.78.33 - - [27/Oct/2023:11:00:58 +0000] "GET /static/js/jquery-3.7.0.min.js HTTP/1.1" 200 87462 "http://djblog.grivis.space/" "Mozilla/5.0 (X11; Linux x86_64) AppleWebKit/537.36 (KHTML, like Gecko) Chrome/118.0.0.0 Safari/537.36"
35.178.78.33 - - [27/Oct/2023:11:00:58 +0000] "GET /static/css/bootstrap.min.css HTTP/1.1" 200 144877 "http://djblog.grivis.space/" "Mozilla/5.0 (X11; Linux x86_64) AppleWebKit/537.36 (KHTML, like Gecko) Chrome/118.0.0.0 Safari/537.36"
92.223.89.134 - - [27/Oct/2023:11:02:07 +0000] "GET / HTTP/1.1" 302 0 "-" "Mozilla/5.0 (Macintosh; Intel Mac OS X 10_15_7) AppleWebKit/605.1.15 (KHTML, like Gecko) Version/17.0 Safari/605.1.15"
92.223.89.134 - - [27/Oct/2023:11:02:07 +0000] "GET /accounts/login/?next=/ HTTP/1.1" 200 1144 "-" "Mozilla/5.0 (Macintosh; Intel Mac OS X 10_15_7) AppleWebKit/605.1.15 (KHTML, like Gecko) Version/17.0 Safari/605.1.15"
92.223.89.134 - - [27/Oct/2023:11:02:07 +0000] "GET /static/css/app.css HTTP/1.1" 200 43 "http://djblog.grivis.space/accounts/login/?next=/" "Mozilla/5.0 (Macintosh; Intel Mac OS X 10_15_7) AppleWebKit/605.1.15 (KHTML, like Gecko) Version/17.0 Safari/605.1.15"
92.223.89.134 - - [27/Oct/2023:11:02:07 +0000] "GET /static/js/popper.min.js HTTP/1.1" 200 20122 "http://djblog.grivis.space/accounts/login/?next=/" "Mozilla/5.0 (Macintosh; Intel Mac OS X 10_15_7) AppleWebKit/605.1.15 (KHTML, like Gecko) Version/17.0 Safari/605.1.15"
92.223.89.134 - - [27/Oct/2023:11:02:07 +0000] "GET /static/css/accounts.css HTTP/1.1" 200 198 "http://djblog.grivis.space/accounts/login/?next=/" "Mozilla/5.0 (Macintosh; Intel Mac OS X 10_15_7) AppleWebKit/605.1.15 (KHTML, like Gecko) Version/17.0 Safari/605.1.15"
92.223.89.134 - - [27/Oct/2023:11:02:07 +0000] "GET /static/js/bootstrap.min.js HTTP/1.1" 200 60505 "http://djblog.grivis.space/accounts/login/?next=/" "Mozilla/5.0 (Macintosh; Intel Mac OS X 10_15_7) AppleWebKit/605.1.15 (KHTML, like Gecko) Version/17.0 Safari/605.1.15"
92.223.89.134 - - [27/Oct/2023:11:02:07 +0000] "GET /static/css/bootstrap.min.css HTTP/1.1" 200 144877 "http://djblog.grivis.space/accounts/login/?next=/" "Mozilla/5.0 (Macintosh; Intel Mac OS X 10_15_7) AppleWebKit/605.1.15 (KHTML, like Gecko) Version/17.0 Safari/605.1.15"
92.223.89.134 - - [27/Oct/2023:11:02:07 +0000] "GET /static/js/jquery-3.7.0.min.js HTTP/1.1" 200 87462 "http://djblog.grivis.space/accounts/login/?next=/" "Mozilla/5.0 (Macintosh; Intel Mac OS X 10_15_7) AppleWebKit/605.1.15 (KHTML, like Gecko) Version/17.0 Safari/605.1.15"
92.223.89.134 - - [27/Oct/2023:11:02:07 +0000] "GET /static/img/paisley.png HTTP/1.1" 200 20920 "http://djblog.grivis.space/accounts/login/?next=/" "Mozilla/5.0 (Macintosh; Intel Mac OS X 10_15_7) AppleWebKit/605.1.15 (KHTML, like Gecko) Version/17.0 Safari/605.1.15"
92.223.89.134 - - [27/Oct/2023:11:02:08 +0000] "GET /favicon.ico HTTP/1.1" 404 1343 "http://djblog.grivis.space/accounts/login/?next=/" "Mozilla/5.0 (Macintosh; Intel Mac OS X 10_15_7) AppleWebKit/605.1.15 (KHTML, like Gecko) Version/17.0 Safari/605.1.15"
92.223.89.134 - - [27/Oct/2023:11:02:10 +0000] "GET /signup/ HTTP/1.1" 200 1348 "http://djblog.grivis.space/accounts/login/?next=/" "Mozilla/5.0 (Macintosh; Intel Mac OS X 10_15_7) AppleWebKit/605.1.15 (KHTML, like Gecko) Version/17.0 Safari/605.1.15"
92.223.89.134 - - [27/Oct/2023:11:02:23 +0000] "POST /signup/ HTTP/1.1" 302 0 "http://djblog.grivis.space/signup/" "Mozilla/5.0 (Macintosh; Intel Mac OS X 10_15_7) AppleWebKit/605.1.15 (KHTML, like Gecko) Version/17.0 Safari/605.1.15"
92.223.89.134 - - [27/Oct/2023:11:02:23 +0000] "GET / HTTP/1.1" 200 1194 "http://djblog.grivis.space/signup/" "Mozilla/5.0 (Macintosh; Intel Mac OS X 10_15_7) AppleWebKit/605.1.15 (KHTML, like Gecko) Version/17.0 Safari/605.1.15"
92.223.89.134 - - [27/Oct/2023:11:02:24 +0000] "GET /boards/1/ HTTP/1.1" 200 1338 "http://djblog.grivis.space/" "Mozilla/5.0 (Macintosh; Intel Mac OS X 10_15_7) AppleWebKit/605.1.15 (KHTML, like Gecko) Version/17.0 Safari/605.1.15"
92.223.89.134 - - [27/Oct/2023:11:02:25 +0000] "GET /boards/1/topics/2/ HTTP/1.1" 200 1346 "http://djblog.grivis.space/boards/1/" "Mozilla/5.0 (Macintosh; Intel Mac OS X 10_15_7) AppleWebKit/605.1.15 (KHTML, like Gecko) Version/17.0 Safari/605.1.15"
92.223.89.134 - - [27/Oct/2023:11:02:25 +0000] "GET /static/img/circle_face_human_profile_icon.png HTTP/1.1" 200 21276 "http://djblog.grivis.space/boards/1/topics/2/" "Mozilla/5.0 (Macintosh; Intel Mac OS X 10_15_7) AppleWebKit/605.1.15 (KHTML, like Gecko) Version/17.0 Safari/605.1.15"
92.223.89.134 - - [27/Oct/2023:11:02:49 +0000] "GET /boards/1/topics/2/reply/ HTTP/1.1" 200 1486 "http://djblog.grivis.space/boards/1/topics/2/" "Mozilla/5.0 (Macintosh; Intel Mac OS X 10_15_7) AppleWebKit/605.1.15 (KHTML, like Gecko) Version/17.0 Safari/605.1.15"
92.223.89.134 - - [27/Oct/2023:11:02:49 +0000] "GET /static/css/simplemde.min.css HTTP/1.1" 200 10929 "http://djblog.grivis.space/boards/1/topics/2/reply/" "Mozilla/5.0 (Macintosh; Intel Mac OS X 10_15_7) AppleWebKit/605.1.15 (KHTML, like Gecko) Version/17.0 Safari/605.1.15"
92.223.89.134 - - [27/Oct/2023:11:02:49 +0000] "GET /static/js/simplemde.min.js HTTP/1.1" 200 269308 "http://djblog.grivis.space/boards/1/topics/2/reply/" "Mozilla/5.0 (Macintosh; Intel Mac OS X 10_15_7) AppleWebKit/605.1.15 (KHTML, like Gecko) Version/17.0 Safari/605.1.15"
92.223.89.134 - - [27/Oct/2023:11:02:52 +0000] "POST /boards/1/topics/2/reply/ HTTP/1.1" 302 0 "http://djblog.grivis.space/boards/1/topics/2/reply/" "Mozilla/5.0 (Macintosh; Intel Mac OS X 10_15_7) AppleWebKit/605.1.15 (KHTML, like Gecko) Version/17.0 Safari/605.1.15"
92.223.89.134 - - [27/Oct/2023:11:02:52 +0000] "GET /boards/1/topics/2/ HTTP/1.1" 200 1467 "http://djblog.grivis.space/boards/1/topics/2/reply/" "Mozilla/5.0 (Macintosh; Intel Mac OS X 10_15_7) AppleWebKit/605.1.15 (KHTML, like Gecko) Version/17.0 Safari/605.1.15"
92.223.89.134 - - [27/Oct/2023:11:02:54 +0000] "GET /boards/1/ HTTP/1.1" 200 1341 "http://djblog.grivis.space/boards/1/topics/2/" "Mozilla/5.0 (Macintosh; Intel Mac OS X 10_15_7) AppleWebKit/605.1.15 (KHTML, like Gecko) Version/17.0 Safari/605.1.15"
152.89.198.113 - - [27/Oct/2023:11:04:22 +0000] "\x03\x00\x00/*\xE0\x00\x00\x00\x00\x00Cookie: mstshash=Administr" 400 166 "-" "-"
35.178.78.33 - - [27/Oct/2023:11:04:26 +0000] "GET / HTTP/1.1" 502 568 "-" "Mozilla/5.0 (X11; Linux x86_64) AppleWebKit/537.36 (KHTML, like Gecko) Chrome/118.0.0.0 Safari/537.36"
35.178.78.33 - - [27/Oct/2023:11:04:29 +0000] "GET / HTTP/1.1" 502 568 "-" "Mozilla/5.0 (X11; Linux x86_64) AppleWebKit/537.36 (KHTML, like Gecko) Chrome/118.0.0.0 Safari/537.36"
35.178.78.33 - - [27/Oct/2023:11:04:30 +0000] "GET / HTTP/1.1" 502 568 "-" "Mozilla/5.0 (X11; Linux x86_64) AppleWebKit/537.36 (KHTML, like Gecko) Chrome/118.0.0.0 Safari/537.36"
35.178.78.33 - - [27/Oct/2023:11:04:35 +0000] "GET / HTTP/1.1" 502 166 "-" "Mozilla/5.0 (X11; Linux x86_64; rv:109.0) Gecko/20100101 Firefox/119.0"
35.178.78.33 - - [27/Oct/2023:11:04:35 +0000] "GET /favicon.ico HTTP/1.1" 502 166 "http://djblog.grivis.space/" "Mozilla/5.0 (X11; Linux x86_64; rv:109.0) Gecko/20100101 Firefox/119.0"
92.223.89.134 - - [27/Oct/2023:11:06:23 +0000] "GET /boards/1/ HTTP/1.1" 502 166 "-" "Mozilla/5.0 (Macintosh; Intel Mac OS X 10_15_7) AppleWebKit/605.1.15 (KHTML, like Gecko) Version/17.0 Safari/605.1.15"
92.223.89.134 - - [27/Oct/2023:11:06:26 +0000] "GET /boards/1/ HTTP/1.1" 502 166 "-" "Mozilla/5.0 (Macintosh; Intel Mac OS X 10_15_7) AppleWebKit/605.1.15 (KHTML, like Gecko) Version/17.0 Safari/605.1.15"
35.178.78.33 - - [27/Oct/2023:11:07:26 +0000] "GET / HTTP/1.1" 502 568 "-" "Mozilla/5.0 (X11; Linux x86_64) AppleWebKit/537.36 (KHTML, like Gecko) Chrome/118.0.0.0 Safari/537.36"
92.223.89.134 - - [27/Oct/2023:11:08:25 +0000] "GET /boards/1/ HTTP/1.1" 502 166 "-" "Mozilla/5.0 (Macintosh; Intel Mac OS X 10_15_7) AppleWebKit/605.1.15 (KHTML, like Gecko) Version/17.0 Safari/605.1.15"
92.223.89.134 - - [27/Oct/2023:11:08:28 +0000] "GET /boards/1/ HTTP/1.1" 502 166 "-" "Mozilla/5.0 (Macintosh; Intel Mac OS X 10_15_7) AppleWebKit/605.1.15 (KHTML, like Gecko) Version/17.0 Safari/605.1.15"
92.223.89.134 - - [27/Oct/2023:11:08:29 +0000] "GET /boards/1/ HTTP/1.1" 502 166 "-" "Mozilla/5.0 (Macintosh; Intel Mac OS X 10_15_7) AppleWebKit/605.1.15 (KHTML, like Gecko) Version/17.0 Safari/605.1.15"
92.223.89.134 - - [27/Oct/2023:11:08:31 +0000] "GET /boards/1/ HTTP/1.1" 502 166 "-" "Mozilla/5.0 (Macintosh; Intel Mac OS X 10_15_7) AppleWebKit/605.1.15 (KHTML, like Gecko) Version/17.0 Safari/605.1.15"
35.178.78.33 - - [27/Oct/2023:11:08:34 +0000] "GET / HTTP/1.1" 502 568 "-" "Mozilla/5.0 (X11; Linux x86_64) AppleWebKit/537.36 (KHTML, like Gecko) Chrome/118.0.0.0 Safari/537.36"
92.223.89.134 - - [27/Oct/2023:11:08:35 +0000] "GET / HTTP/1.1" 502 166 "-" "Mozilla/5.0 (Macintosh; Intel Mac OS X 10_15_7) AppleWebKit/605.1.15 (KHTML, like Gecko) Version/17.0 Safari/605.1.15"
35.178.78.33 - - [27/Oct/2023:11:08:43 +0000] "GET / HTTP/1.1" 502 166 "-" "Mozilla/5.0 (X11; Linux x86_64; rv:109.0) Gecko/20100101 Firefox/119.0"
92.223.89.134 - - [27/Oct/2023:11:08:46 +0000] "GET /boards/1/ HTTP/1.1" 502 166 "-" "Mozilla/5.0 (Macintosh; Intel Mac OS X 10_15_7) AppleWebKit/605.1.15 (KHTML, like Gecko) Version/17.0 Safari/605.1.15"
35.178.78.33 - - [27/Oct/2023:11:13:13 +0000] "GET / HTTP/1.1" 502 568 "-" "Mozilla/5.0 (X11; Linux x86_64) AppleWebKit/537.36 (KHTML, like Gecko) Chrome/118.0.0.0 Safari/537.36"
35.178.78.33 - - [27/Oct/2023:11:13:14 +0000] "GET / HTTP/1.1" 502 568 "-" "Mozilla/5.0 (X11; Linux x86_64) AppleWebKit/537.36 (KHTML, like Gecko) Chrome/118.0.0.0 Safari/537.36"
35.178.78.33 - - [27/Oct/2023:11:13:15 +0000] "GET / HTTP/1.1" 502 568 "-" "Mozilla/5.0 (X11; Linux x86_64) AppleWebKit/537.36 (KHTML, like Gecko) Chrome/118.0.0.0 Safari/537.36"
35.178.78.33 - - [27/Oct/2023:11:15:46 +0000] "GET / HTTP/1.1" 502 568 "-" "Mozilla/5.0 (X11; Linux x86_64) AppleWebKit/537.36 (KHTML, like Gecko) Chrome/118.0.0.0 Safari/537.36"
35.178.78.33 - - [27/Oct/2023:11:16:20 +0000] "GET / HTTP/1.1" 502 166 "-" "Mozilla/5.0 (X11; Linux x86_64; rv:109.0) Gecko/20100101 Firefox/119.0"
35.178.78.33 - - [27/Oct/2023:11:16:22 +0000] "GET / HTTP/1.1" 502 166 "-" "Mozilla/5.0 (X11; Linux x86_64; rv:109.0) Gecko/20100101 Firefox/119.0"
35.178.78.33 - - [27/Oct/2023:11:16:23 +0000] "GET / HTTP/1.1" 502 166 "-" "Mozilla/5.0 (X11; Linux x86_64; rv:109.0) Gecko/20100101 Firefox/119.0"
35.178.78.33 - - [27/Oct/2023:11:19:54 +0000] "GET / HTTP/1.1" 502 568 "-" "Mozilla/5.0 (X11; Linux x86_64) AppleWebKit/537.36 (KHTML, like Gecko) Chrome/118.0.0.0 Safari/537.36"
162.243.151.8 - - [27/Oct/2023:11:24:29 +0000] "GET /hudson HTTP/1.1" 502 166 "-" "Mozilla/5.0 zgrab/0.x"
35.178.78.33 - - [27/Oct/2023:11:35:52 +0000] "GET / HTTP/1.1" 502 568 "-" "Mozilla/5.0 (X11; Linux x86_64) AppleWebKit/537.36 (KHTML, like Gecko) Chrome/118.0.0.0 Safari/537.36"
143.198.188.210 - - [27/Oct/2023:11:46:22 +0000] "GET / HTTP/1.0" 502 166 "-" "Mozilla/5.0 (X11; Linux x86_64; rv:98.0) Gecko/20100101 Firefox/98.0"
104.167.222.221 - - [27/Oct/2023:11:56:22 +0000] "GET /.env HTTP/1.1" 502 568 "-" "Mozilla/5.0 (X11; Linux x86_64) AppleWebKit/537.36 (KHTML, like Gecko) Chrome/81.0.4044.129 Safari/537.36"
104.167.222.221 - - [27/Oct/2023:11:56:23 +0000] "POST / HTTP/1.1" 502 568 "-" "Mozilla/5.0 (X11; Linux x86_64) AppleWebKit/537.36 (KHTML, like Gecko) Chrome/81.0.4044.129 Safari/537.36"
102.165.16.236 - - [27/Oct/2023:12:49:38 +0000] "GET //.env HTTP/1.1" 502 166 "-" "Go-http-client/1.1"
185.224.128.199 - - [27/Oct/2023:13:04:09 +0000] "GET / HTTP/1.1" 502 568 "-" "Mozilla/5.0 (Windows NT 10.0; Win64; x64) AppleWebKit/537.36 (KHTML, like Gecko) Chrome/90.0.4430.85 Safari/537.36 Edg/90.0.818.46"
185.254.196.173 - - [27/Oct/2023:13:06:28 +0000] "GET /.env HTTP/1.1" 502 568 "-" "Mozilla/5.0 (X11; Linux x86_64) AppleWebKit/537.36 (KHTML, like Gecko) Chrome/81.0.4044.129 Safari/537.36"
185.254.196.173 - - [27/Oct/2023:13:06:28 +0000] "POST / HTTP/1.1" 502 568 "-" "Mozilla/5.0 (X11; Linux x86_64) AppleWebKit/537.36 (KHTML, like Gecko) Chrome/81.0.4044.129 Safari/537.36"
1.14.7.100 - - [27/Oct/2023:13:18:27 +0000] "HEAD /Core/Skin/Login.aspx HTTP/1.1" 502 0 "-" "Mozilla/5.0 (Windows NT 10.0; Win64; x64) AppleWebKit/537.36 (KHTML, like Gecko) Chrome/106.0.0.0 Safari/537.36"
198.235.24.16 - - [27/Oct/2023:13:24:32 +0000] "GET / HTTP/1.0" 502 166 "-" "Expanse, a Palo Alto Networks company, searches across the global IPv4 space multiple times per day to identify customers&#39; presences on the Internet. If you would like to be excluded from our scans, please send IP addresses/domains to: scaninfo@paloaltonetworks.com"
128.106.209.74 - - [27/Oct/2023:14:06:19 +0000] "GET / HTTP/1.0" 502 166 "-" "-"
192.241.196.5 - - [27/Oct/2023:14:18:24 +0000] "MGLNDD_3.68.85.218_80" 400 166 "-" "-"
178.79.168.61 - - [27/Oct/2023:14:19:46 +0000] "GET / HTTP/1.1" 502 166 "-" "Mozilla/5.0 (Windows NT 6.1; WOW64; rv:8.0) Gecko/20100101 Firefox/8.0"
178.79.168.61 - - [27/Oct/2023:14:19:46 +0000] "\x16\x03\x01\x00\xFC\x01\x00\x00\xF8\x03\x03\x06\xC8\xE2\x1E\xFD\xF5\x95\xA6\xDA\x8A\xCB\x9C\xF2z\x15\xB1'\x81\xC4\x9A\xBE\xCB\xD1\xC4\xCBC\x1B\x8AB\x9C!\x19 \x9A=\xF1z\x14\x19p~\xEB\xB3\xDCi8\xF9\x1Cx&\x02\xF6fn\x9D\x05\xEA\xA7\xD4Y\x03\xA0\xBF\xC1<\x00$\x13\x02\x13\x03\x13\x01\xC0,\xC00\xC0+\xC0/\xCC\xA9\xCC\xA8\xC0$\xC0(\xC0#\xC0'\x00\x9F\x00\x9E\x00k\x00g\x00\xFF\x01\x00\x00\x8B\x00\x0B\x00\x04\x03\x00\x01\x02\x00" 400 166 "-" "-"
178.79.168.61 - - [27/Oct/2023:14:19:46 +0000] "\x16\x03\x01\x00\xFC\x01\x00\x00\xF8\x03\x03\xFDz\xE9Xx\xEE_\x92\xB8?$S\xCEB\xC3\xA8\xD4]\xA9\xAB`\xFC\xD7o\x9E\xA0\x82\xDB\xE5\xC94\x7F \xA6\x9A\xA3\xA9\xA8\xD0\xD0e`F\xB7|y9\x04/\x0F\x5C$\xC9\xA9\xCE\x97QQ\xA6\xC2I\xA7\x05\xE2\xD2\x00$\x13\x02\x13\x03\x13\x01\xC0,\xC00\xC0+\xC0/\xCC\xA9\xCC\xA8\xC0$\xC0(\xC0#\xC0'\x00\x9F\x00\x9E\x00k\x00g\x00\xFF\x01\x00\x00\x8B\x00\x0B\x00\x04\x03\x00\x01\x02\x00" 400 166 "-" "-"
178.79.168.61 - - [27/Oct/2023:14:19:46 +0000] "\x16\x03\x01\x00\xFC\x01\x00\x00\xF8\x03\x03\xF5\xE1\xC47\xA3\xD4\xD5\xB5r\x06{\xAF\x11?\xDE,R2D\xAA\xFEE\xAE\xF3_\x91\xCD\x19\xB1\x055\x81 \xF8\xBA\xB8I\xFA\x10F\xC8b\xB5\xA9\x07\x95\x18\x0F=[\xEFq\x15\xA7\xAD\xA1aJ\x06CK\x1D\xBC\xCA\xD2\x00$\x13\x02\x13\x03\x13\x01\xC0,\xC00\xC0+\xC0/\xCC\xA9\xCC\xA8\xC0$\xC0(\xC0#\xC0'\x00\x9F\x00\x9E\x00k\x00g\x00\xFF\x01\x00\x00\x8B\x00\x0B\x00\x04\x03\x00\x01\x02\x00" 400 166 "-" "-"
135.125.217.54 - - [27/Oct/2023:15:25:19 +0000] "GET /.env HTTP/1.1" 502 568 "-" "Mozilla/5.0 (X11; Linux x86_64) AppleWebKit/537.36 (KHTML, like Gecko) Chrome/81.0.4044.129 Safari/537.36"
135.125.217.54 - - [27/Oct/2023:15:25:19 +0000] "POST / HTTP/1.1" 502 568 "-" "Mozilla/5.0 (X11; Linux x86_64) AppleWebKit/537.36 (KHTML, like Gecko) Chrome/81.0.4044.129 Safari/537.36"
185.180.143.72 - - [27/Oct/2023:15:27:03 +0000] "GET / HTTP/1.1" 502 568 "-" "Mozilla/5.0 (Windows NT 10.0; Win64; x64) AppleWebKit/537.36 (KHTML, like Gecko) Chrome/60.0.3112.113 Safari/537.36"
172.105.128.11 - - [27/Oct/2023:15:51:33 +0000] "\x16\x03\x01\x00\x85\x01\x00\x00\x81\x03\x03=\x07i\xE4\x02[\x1C\xFD\x98[\xC5\x8F\xCE\x1Ei\x83F\x87b\xB5\xB8\xAA\xB9D\xC7\xEE\x1C\xB5H\xDC\xFE\xF8\x00\x00 \xC0/\xC00\xC0+\xC0,\xCC\xA8\xCC\xA9\xC0\x13\xC0\x09\xC0\x14\xC0" 400 166 "-" "-"
205.210.31.151 - - [27/Oct/2023:15:52:01 +0000] "GET / HTTP/1.1" 502 166 "-" "Expanse, a Palo Alto Networks company, searches across the global IPv4 space multiple times per day to identify customers&#39; presences on the Internet. If you would like to be excluded from our scans, please send IP addresses/domains to: scaninfo@paloaltonetworks.com"
1.14.7.100 - - [27/Oct/2023:15:52:59 +0000] "HEAD /Core/Skin/Login.aspx HTTP/1.1" 502 0 "-" "Mozilla/5.0 (Windows NT 10.0; Win64; x64) AppleWebKit/537.36 (KHTML, like Gecko) Chrome/106.0.0.0 Safari/537.36"
185.180.140.6 - - [27/Oct/2023:16:24:22 +0000] "GET / HTTP/1.1" 502 568 "-" "Mozilla/5.0 (Windows NT 10.0; Win64; x64) AppleWebKit/537.36 (KHTML, like Gecko) Chrome/60.0.3112.113 Safari/537.36"
106.75.16.69 - - [27/Oct/2023:17:06:15 +0000] "GET / HTTP/1.1" 502 166 "-" "-"
135.125.217.54 - - [27/Oct/2023:17:08:05 +0000] "GET /.env HTTP/1.1" 502 568 "-" "Mozilla/5.0 (X11; Linux x86_64) AppleWebKit/537.36 (KHTML, like Gecko) Chrome/81.0.4044.129 Safari/537.36"
135.125.217.54 - - [27/Oct/2023:17:08:05 +0000] "POST / HTTP/1.1" 502 568 "-" "Mozilla/5.0 (X11; Linux x86_64) AppleWebKit/537.36 (KHTML, like Gecko) Chrome/81.0.4044.129 Safari/537.36"
179.43.163.130 - - [27/Oct/2023:17:33:38 +0000] "GET / HTTP/1.1" 502 568 "-" "Mozilla/5.0 (Windows NT 10.0; Win64; x64) AppleWebKit/537.36 (KHTML, like Gecko) Chrome/103.0.0.0 Safari/537.36"
54.226.85.50 - - [27/Oct/2023:17:42:52 +0000] "GET / HTTP/1.1" 502 166 "-" "Opera/9.80 (J2ME/MIDP; Opera Mini/5.0.16823/1428; U; en) Presto/2.2.0"
34.77.127.183 - - [27/Oct/2023:17:43:06 +0000] "GET / HTTP/1.1" 502 166 "-" "python-requests/2.31.0"
1.14.7.100 - - [27/Oct/2023:18:05:42 +0000] "HEAD /Core/Skin/Login.aspx HTTP/1.1" 502 0 "-" "Mozilla/5.0 (Windows NT 10.0; Win64; x64) AppleWebKit/537.36 (KHTML, like Gecko) Chrome/106.0.0.0 Safari/537.36"
135.125.217.54 - - [27/Oct/2023:18:25:54 +0000] "GET /.env HTTP/1.1" 502 568 "-" "Mozilla/5.0 (X11; Linux x86_64) AppleWebKit/537.36 (KHTML, like Gecko) Chrome/81.0.4044.129 Safari/537.36"
135.125.217.54 - - [27/Oct/2023:18:25:54 +0000] "POST / HTTP/1.1" 502 568 "-" "Mozilla/5.0 (X11; Linux x86_64) AppleWebKit/537.36 (KHTML, like Gecko) Chrome/81.0.4044.129 Safari/537.36"
54.226.85.50 - - [27/Oct/2023:19:07:49 +0000] "GET / HTTP/1.1" 502 166 "-" "Mozilla/5.0 (iPad; CPU OS 10_0 like Mac OS X) AppleWebKit/601.1 (KHTML, like Gecko) CriOS/49.0.2623.109 Mobile/14A5335b Safari/601.1.46"
135.125.217.54 - - [27/Oct/2023:19:54:21 +0000] "GET /.env HTTP/1.1" 502 568 "-" "Mozilla/5.0 (X11; Linux x86_64) AppleWebKit/537.36 (KHTML, like Gecko) Chrome/81.0.4044.129 Safari/537.36"
135.125.217.54 - - [27/Oct/2023:19:54:21 +0000] "POST / HTTP/1.1" 502 568 "-" "Mozilla/5.0 (X11; Linux x86_64) AppleWebKit/537.36 (KHTML, like Gecko) Chrome/81.0.4044.129 Safari/537.36"
1.14.7.100 - - [27/Oct/2023:19:57:38 +0000] "HEAD /Core/Skin/Login.aspx HTTP/1.1" 502 0 "-" "Mozilla/5.0 (Windows NT 10.0; Win64; x64) AppleWebKit/537.36 (KHTML, like Gecko) Chrome/106.0.0.0 Safari/537.36"
142.44.176.65 - - [27/Oct/2023:20:23:18 +0000] "GET /.env HTTP/1.1" 502 568 "-" "Mozilla/5.0 (X11; Linux x86_64) AppleWebKit/537.36 (KHTML, like Gecko) Chrome/81.0.4044.129 Safari/537.36"
142.44.176.65 - - [27/Oct/2023:20:23:18 +0000] "POST / HTTP/1.1" 502 568 "-" "Mozilla/5.0 (X11; Linux x86_64) AppleWebKit/537.36 (KHTML, like Gecko) Chrome/81.0.4044.129 Safari/537.36"
45.79.181.179 - - [27/Oct/2023:20:38:28 +0000] "GET / HTTP/1.1" 502 568 "-" "Mozilla/5.0 (Macintosh; Intel Mac OS X 13_1) AppleWebKit/537.36 (KHTML, like Gecko) Chrome/108.0.0.0 Safari/537.36"
135.125.217.54 - - [27/Oct/2023:21:01:35 +0000] "GET /.env HTTP/1.1" 502 568 "-" "Mozilla/5.0 (X11; Linux x86_64) AppleWebKit/537.36 (KHTML, like Gecko) Chrome/81.0.4044.129 Safari/537.36"
135.125.217.54 - - [27/Oct/2023:21:01:35 +0000] "POST / HTTP/1.1" 502 568 "-" "Mozilla/5.0 (X11; Linux x86_64) AppleWebKit/537.36 (KHTML, like Gecko) Chrome/81.0.4044.129 Safari/537.36"
205.210.31.41 - - [27/Oct/2023:21:09:48 +0000] "GET / HTTP/1.0" 502 166 "-" "Expanse, a Palo Alto Networks company, searches across the global IPv4 space multiple times per day to identify customers&#39; presences on the Internet. If you would like to be excluded from our scans, please send IP addresses/domains to: scaninfo@paloaltonetworks.com"
192.241.227.54 - - [27/Oct/2023:21:28:00 +0000] "GET /portal/redlion HTTP/1.1" 502 166 "-" "Mozilla/5.0 zgrab/0.x"
1.14.7.100 - - [27/Oct/2023:21:44:31 +0000] "HEAD /Core/Skin/Login.aspx HTTP/1.1" 502 0 "-" "Mozilla/5.0 (Windows NT 10.0; Win64; x64) AppleWebKit/537.36 (KHTML, like Gecko) Chrome/106.0.0.0 Safari/537.36"
193.35.18.187 - - [27/Oct/2023:22:15:59 +0000] "CONNECT google.com:443 HTTP/1.1" 400 166 "-" "-"
185.180.143.141 - - [27/Oct/2023:22:23:10 +0000] "GET / HTTP/1.1" 502 568 "-" "Mozilla/5.0 (Windows NT 10.0; Win64; x64) AppleWebKit/537.36 (KHTML, like Gecko) Chrome/60.0.3112.113 Safari/537.36"
180.166.133.228 - - [27/Oct/2023:22:26:33 +0000] "GET / HTTP/1.1" 502 568 "-" "Mozilla/5.0 (Windows NT 10.0; Win64; x64) AppleWebKit/537.36 (KHTML, like Gecko) Chrome/63.0.3239.84 Safari/537.36"
35.203.210.7 - - [27/Oct/2023:22:27:19 +0000] "GET / HTTP/1.1" 502 166 "-" "Expanse, a Palo Alto Networks company, searches across the global IPv4 space multiple times per day to identify customers&#39; presences on the Internet. If you would like to be excluded from our scans, please send IP addresses/domains to: scaninfo@paloaltonetworks.com"
141.98.11.52 - - [27/Oct/2023:23:05:48 +0000] "GET / HTTP/1.1" 502 166 "-" "-"
135.125.217.54 - - [27/Oct/2023:23:10:38 +0000] "GET /.env HTTP/1.1" 502 568 "-" "Mozilla/5.0 (X11; Linux x86_64) AppleWebKit/537.36 (KHTML, like Gecko) Chrome/81.0.4044.129 Safari/537.36"
135.125.217.54 - - [27/Oct/2023:23:10:38 +0000] "POST / HTTP/1.1" 502 568 "-" "Mozilla/5.0 (X11; Linux x86_64) AppleWebKit/537.36 (KHTML, like Gecko) Chrome/81.0.4044.129 Safari/537.36"
1.14.7.100 - - [27/Oct/2023:23:32:38 +0000] "HEAD /Core/Skin/Login.aspx HTTP/1.1" 502 0 "-" "Mozilla/5.0 (Windows NT 10.0; Win64; x64) AppleWebKit/537.36 (KHTML, like Gecko) Chrome/106.0.0.0 Safari/537.36"
185.254.196.173 - - [28/Oct/2023:00:04:10 +0000] "GET /.env HTTP/1.1" 502 568 "-" "Mozilla/5.0 (X11; Linux x86_64) AppleWebKit/537.36 (KHTML, like Gecko) Chrome/81.0.4044.129 Safari/537.36"
185.254.196.173 - - [28/Oct/2023:00:04:12 +0000] "POST / HTTP/1.1" 502 568 "-" "Mozilla/5.0 (X11; Linux x86_64) AppleWebKit/537.36 (KHTML, like Gecko) Chrome/81.0.4044.129 Safari/537.36"
62.233.50.179 - - [28/Oct/2023:00:13:55 +0000] "\x03\x00\x00/*\xE0\x00\x00\x00\x00\x00Cookie: mstshash=Administr" 400 166 "-" "-"
192.241.192.66 - - [28/Oct/2023:00:16:36 +0000] "GET / HTTP/1.1" 502 166 "-" "Mozilla/5.0 zgrab/0.x"
135.125.217.54 - - [28/Oct/2023:01:08:44 +0000] "GET /.env HTTP/1.1" 502 568 "-" "Mozilla/5.0 (X11; Linux x86_64) AppleWebKit/537.36 (KHTML, like Gecko) Chrome/81.0.4044.129 Safari/537.36"
135.125.217.54 - - [28/Oct/2023:01:08:44 +0000] "POST / HTTP/1.1" 502 568 "-" "Mozilla/5.0 (X11; Linux x86_64) AppleWebKit/537.36 (KHTML, like Gecko) Chrome/81.0.4044.129 Safari/537.36"
185.254.196.186 - - [28/Oct/2023:01:20:42 +0000] "GET /.env HTTP/1.1" 502 568 "-" "Mozilla/5.0 (X11; Linux x86_64) AppleWebKit/537.36 (KHTML, like Gecko) Chrome/81.0.4044.129 Safari/537.36"
185.254.196.186 - - [28/Oct/2023:01:20:42 +0000] "POST / HTTP/1.1" 502 568 "-" "Mozilla/5.0 (X11; Linux x86_64) AppleWebKit/537.36 (KHTML, like Gecko) Chrome/81.0.4044.129 Safari/537.36"
18.223.113.110 - - [28/Oct/2023:01:21:32 +0000] "GET / HTTP/1.1" 502 166 "-" "Mozilla/5.0 (iPhone; CPU iPhone OS 12_3_1 like Mac OS X) AppleWebKit/605.1.15 (KHTML, like Gecko) Mobile/15E148 MicroMessenger/7.0.5(0x17000523) NetType/WIFI Language/en"
1.14.7.100 - - [28/Oct/2023:01:26:56 +0000] "HEAD /Core/Skin/Login.aspx HTTP/1.1" 502 0 "-" "Mozilla/5.0 (Windows NT 10.0; Win64; x64) AppleWebKit/537.36 (KHTML, like Gecko) Chrome/106.0.0.0 Safari/537.36"
18.223.113.110 - - [28/Oct/2023:01:34:33 +0000] "GET / HTTP/1.1" 502 568 "-" "Mozilla/4.0 (compatible; MSIE 4.01; Windows CE; PPC; MDA Pro/1.0 Profile/MIDP-2.0 Configuration/CLDC-1.1)"
184.105.139.67 - - [28/Oct/2023:02:12:24 +0000] "\x16\x03\x01\x00{\x01\x00\x00w\x03\x03%\x09\xBC\xA9\xF45mR\x89\xA1\x90\x04\xC9b\xD3\x94\x86\xC8\x83+V\x9E\x96U\x8Fk\x1D%\xEC6\xDE" 400 166 "-" "-"
198.235.24.237 - - [28/Oct/2023:02:15:57 +0000] "\x16\x03\x01\x00\xCA\x01\x00\x00\xC6\x03\x03-\xC1!n\x15\x09\xC5\xC0\xFB\x99\xC3\xF5\x96\x89\xF9XI`\x10\xB1\xC5\x8C\xEA\x10\x1A\x14\xB81\xFA\x81\xFC\xE7\x00\x00h\xCC\x14\xCC\x13\xC0/\xC0+\xC00\xC0,\xC0\x11\xC0\x07\xC0'\xC0#\xC0\x13\xC0\x09\xC0(\xC0$\xC0\x14\xC0" 400 166 "-" "-"
198.235.24.237 - - [28/Oct/2023:02:15:57 +0000] "\x16\x03\x01\x00\xEE\x01\x00\x00\xEA\x03\x03\xB7g\xB9 \xAD\x8D\xBE\x83$\xB9\x1C\xF2\x00\xEEU5h\xE6pL\xE2\x15\xFAi\x98\xE2\xBDD\xD9\x03RE \x91h\x11\xB5\xCA)(\x04\xCAT\x96\xC5\xDCb\x9B\xF0}O\x1F\xAD\x1FW\x8D\xE8\xB1O\xC4G\xB3\x90N\xB2\x00&\xC0+\xC0/\xC0,\xC00\xCC\xA9\xCC\xA8\xC0\x09\xC0\x13\xC0" 400 166 "-" "-"
47.100.40.165 - - [28/Oct/2023:02:20:07 +0000] "GET /web/cgi-bin/hi3510/param.cgi?cmd=getp2pattr&cmd=getuserattr HTTP/1.0" 502 568 "-" "Mozilla/5.0 (Linux; Android 8.0.0; SM-G955U Build/R16NW) AppleWebKit/537.36 (KHTML, like Gecko) Chrome/87.0.4280.141 Mobile Safari/537.36"
185.254.196.173 - - [28/Oct/2023:02:35:18 +0000] "GET /.env HTTP/1.1" 502 568 "-" "Mozilla/5.0 (X11; Linux x86_64) AppleWebKit/537.36 (KHTML, like Gecko) Chrome/81.0.4044.129 Safari/537.36"
185.254.196.173 - - [28/Oct/2023:02:35:18 +0000] "POST / HTTP/1.1" 502 568 "-" "Mozilla/5.0 (X11; Linux x86_64) AppleWebKit/537.36 (KHTML, like Gecko) Chrome/81.0.4044.129 Safari/537.36"
64.62.197.203 - - [28/Oct/2023:02:38:26 +0000] "GET / HTTP/1.1" 502 166 "-" "Mozilla/5.0 (Macintosh; Intel Mac OS X 10_15_7) AppleWebKit/605.1.15 (KHTML, like Gecko) Version/15.4 Safari/605.1.15"
64.62.197.204 - - [28/Oct/2023:02:39:11 +0000] "GET /webui/ HTTP/1.1" 502 568 "-" "Mozilla/5.0 (Windows NT 10.0; Win64; x64) AppleWebKit/537.36 (KHTML, like Gecko) Chrome/109.0.0.0 Safari/537.36 OPR/95.0.0.0 (Edition Yx 05)"
64.62.197.209 - - [28/Oct/2023:02:40:12 +0000] "GET /favicon.ico HTTP/1.1" 502 568 "-" "Mozilla/5.0 (Windows NT 10.0; Win64; x64) AppleWebKit/537.36 (KHTML, like Gecko) Chrome/109.0.0.0 Safari/537.36 OPR/95.0.0.0 (Edition Yx 05)"
64.62.197.197 - - [28/Oct/2023:02:41:06 +0000] "GET /geoserver/web/ HTTP/1.1" 502 166 "-" "Mozilla/5.0 (Macintosh; Intel Mac OS X 10_15_7) AppleWebKit/605.1.15 (KHTML, like Gecko) Version/15.4 Safari/605.1.15"
185.180.143.190 - - [28/Oct/2023:02:48:19 +0000] "GET / HTTP/1.1" 502 568 "-" "Mozilla/5.0 (Windows NT 10.0; Win64; x64) AppleWebKit/537.36 (KHTML, like Gecko) Chrome/60.0.3112.113 Safari/537.36"
135.125.217.54 - - [28/Oct/2023:02:52:38 +0000] "GET /.env HTTP/1.1" 502 568 "-" "Mozilla/5.0 (X11; Linux x86_64) AppleWebKit/537.36 (KHTML, like Gecko) Chrome/81.0.4044.129 Safari/537.36"
135.125.217.54 - - [28/Oct/2023:02:52:38 +0000] "POST / HTTP/1.1" 502 568 "-" "Mozilla/5.0 (X11; Linux x86_64) AppleWebKit/537.36 (KHTML, like Gecko) Chrome/81.0.4044.129 Safari/537.36"
1.14.7.100 - - [28/Oct/2023:03:32:32 +0000] "HEAD /Core/Skin/Login.aspx HTTP/1.1" 502 0 "-" "Mozilla/5.0 (Windows NT 10.0; Win64; x64) AppleWebKit/537.36 (KHTML, like Gecko) Chrome/106.0.0.0 Safari/537.36"
135.125.217.54 - - [28/Oct/2023:03:39:37 +0000] "GET /.env HTTP/1.1" 502 568 "-" "Mozilla/5.0 (X11; Linux x86_64) AppleWebKit/537.36 (KHTML, like Gecko) Chrome/81.0.4044.129 Safari/537.36"
135.125.217.54 - - [28/Oct/2023:03:39:37 +0000] "POST / HTTP/1.1" 502 568 "-" "Mozilla/5.0 (X11; Linux x86_64) AppleWebKit/537.36 (KHTML, like Gecko) Chrome/81.0.4044.129 Safari/537.36"
185.180.143.48 - - [28/Oct/2023:03:44:40 +0000] "GET / HTTP/1.1" 502 568 "-" "Mozilla/5.0 (Windows NT 10.0; Win64; x64) AppleWebKit/537.36 (KHTML, like Gecko) Chrome/60.0.3112.113 Safari/537.36"
185.180.143.48 - - [28/Oct/2023:03:44:41 +0000] "GET /showLogin.cc HTTP/1.1" 502 568 "-" "Mozilla/5.0 (Windows NT 10.0; Win64; x64) AppleWebKit/537.36 (KHTML, like Gecko) Chrome/60.0.3112.113 Safari/537.36"
109.237.97.180 - - [28/Oct/2023:04:22:42 +0000] "GET /.env HTTP/1.1" 502 568 "-" "Mozilla/5.0 (X11; Linux x86_64) AppleWebKit/537.36 (KHTML, like Gecko) Chrome/81.0.4044.129 Safari/537.36"
109.237.97.180 - - [28/Oct/2023:04:22:42 +0000] "\x16\x03\x01\x01H\x01\x00\x01D\x03\x03\x17\x04\xCAp\x18T'\xD5\xC6\xC0n\xB7e\xEB\xA1'\xE9\x89\x9Cz\xDD\xDE\xB4\x164\x92k\xD6\xF0f!\xFD \x03\xEC\x90|\xBAf\xDE\xCC\xE9P\xF3f\xF4\x05\xCD\xC7\xA3\xE7.\x1Bv@\xC8\x7F\xF3/\xB8\x00`-\xF2q\x00b\x13\x02\x13\x03\x13\x01\xC0,\xC00\xC0+\xC0/\xCC\xA9\xCC\xA8\x00\xA3\x00\x9F\x00\xA2\x00\x9E\xCC\xAA\xC0\xAF\xC0\xAD\xC0$\xC0(\xC0" 400 166 "-" "-"
103.212.81.110 - - [28/Oct/2023:04:48:34 +0000] "GET /.env HTTP/1.1" 502 568 "-" "Mozilla/5.0 (X11; Linux x86_64) AppleWebKit/537.36 (KHTML, like Gecko) Chrome/81.0.4044.129 Safari/537.36"
45.79.181.179 - - [28/Oct/2023:05:30:10 +0000] "\x16\x03\x01\x00\x85\x01\x00\x00\x81\x03\x03\xCA\xA4\xE3&R\xA9\xCAd4y\xFA\x14\xCA#\xBB5H\xBA5n\xF7\xF7\xE9\xD3(\xD3\xDD\xC2.\xFF\xE6\x8B\x00\x00 \xC0/\xC00\xC0+\xC0,\xCC\xA8\xCC\xA9\xC0\x13\xC0\x09\xC0\x14\xC0" 400 166 "-" "-"
1.14.7.100 - - [28/Oct/2023:05:42:26 +0000] "HEAD /Core/Skin/Login.aspx HTTP/1.1" 502 0 "-" "Mozilla/5.0 (Windows NT 10.0; Win64; x64) AppleWebKit/537.36 (KHTML, like Gecko) Chrome/106.0.0.0 Safari/537.36"
109.237.98.197 - - [28/Oct/2023:05:45:11 +0000] "GET / HTTP/1.1" 502 166 "-" "Opera/9.21 (Windows NT 6.0; U; nb)"
109.237.98.197 - - [28/Oct/2023:05:45:11 +0000] "GET /admin/config.php HTTP/1.1" 502 166 "-" "Mozilla/5.0 (X11; U; Linux i686; en-US; rv:1.8.1.18) Gecko/20081112 Fedora/2.0.0.18-1.fc8 Firefox/2.0.0.18"
109.237.98.197 - - [28/Oct/2023:05:45:11 +0000] "\x16\x03\x01\x00\xDE\x01\x00\x00\xDA\x03\x03\x0BM\xE5=U\xDB\xE3*\xF2\x94\x9D\x19\xEEX\xCC\xA4\xC3\x0Bsn\xC2\xDC\x8F\xC0r\xFD\xEE\xB7R\xA1>b\x00\x00n\xC00\xC0,\xC02\xC0.\xC0/\xC0+\xC01\xC0-\x00\xA5\x00\xA3\x00\xA1\x00\x9F\x00\xA4\x00\xA2\x00\xA0\x00\x9E\xC0(\xC0$\xC0\x14\xC0" 400 166 "-" "-"
109.237.98.197 - - [28/Oct/2023:05:45:11 +0000] "\x16\x03\x01\x00\xDE\x01\x00\x00\xDA\x03\x03\xEF\x08\xDD+S\x5CW\x941?\xF1\xE9\xC60\xFE\xF1\xD3\x19\xEC{1\xF7_\x12\xDBgw\x94\xD0\xD9\xE3\x89\x00\x00n\xC00\xC0,\xC02\xC0.\xC0/\xC0+\xC01\xC0-\x00\xA5\x00\xA3\x00\xA1\x00\x9F\x00\xA4\x00\xA2\x00\xA0\x00\x9E\xC0(\xC0$\xC0\x14\xC0" 400 166 "-" "-"
135.125.217.54 - - [28/Oct/2023:06:01:32 +0000] "GET /.env HTTP/1.1" 502 568 "-" "Mozilla/5.0 (X11; Linux x86_64) AppleWebKit/537.36 (KHTML, like Gecko) Chrome/81.0.4044.129 Safari/537.36"
135.125.217.54 - - [28/Oct/2023:06:01:32 +0000] "POST / HTTP/1.1" 502 568 "-" "Mozilla/5.0 (X11; Linux x86_64) AppleWebKit/537.36 (KHTML, like Gecko) Chrome/81.0.4044.129 Safari/537.36"
65.0.108.210 - - [28/Oct/2023:06:20:27 +0000] "GET /_phpMyAdmin/index.php?lang=en HTTP/1.1" 502 568 "-" "Mozilla/5.0 (Windows NT 10.0; Win64; x64) AppleWebKit/537.36 (KHTML, like Gecko) Chrome/117.0.0.0 Safari/537.36"
65.0.108.210 - - [28/Oct/2023:06:20:27 +0000] "GET /phppma/index.php?lang=en HTTP/1.1" 502 568 "-" "Mozilla/5.0 (Windows NT 10.0; Win64; x64) AppleWebKit/537.36 (KHTML, like Gecko) Chrome/117.0.0.0 Safari/537.36"
65.0.108.210 - - [28/Oct/2023:06:20:27 +0000] "GET /phpMyAdmin2/index.php?lang=en HTTP/1.1" 502 568 "-" "Mozilla/5.0 (Windows NT 10.0; Win64; x64) AppleWebKit/537.36 (KHTML, like Gecko) Chrome/117.0.0.0 Safari/537.36"
65.0.108.210 - - [28/Oct/2023:06:20:27 +0000] "GET /myadmin/index.php?lang=en HTTP/1.1" 502 568 "-" "Mozilla/5.0 (Windows NT 10.0; Win64; x64) AppleWebKit/537.36 (KHTML, like Gecko) Chrome/117.0.0.0 Safari/537.36"
65.0.108.210 - - [28/Oct/2023:06:20:27 +0000] "GET /phpmyadmin2/index.php?lang=en HTTP/1.1" 502 568 "-" "Mozilla/5.0 (Windows NT 10.0; Win64; x64) AppleWebKit/537.36 (KHTML, like Gecko) Chrome/117.0.0.0 Safari/537.36"
65.0.108.210 - - [28/Oct/2023:06:20:27 +0000] "GET /phpMyAdmin5.2/index.php?lang=en HTTP/1.1" 502 568 "-" "Mozilla/5.0 (Windows NT 10.0; Win64; x64) AppleWebKit/537.36 (KHTML, like Gecko) Chrome/117.0.0.0 Safari/537.36"
65.0.108.210 - - [28/Oct/2023:06:20:27 +0000] "GET /mysql/pma/index.php?lang=en HTTP/1.1" 502 568 "-" "Mozilla/5.0 (Windows NT 10.0; Win64; x64) AppleWebKit/537.36 (KHTML, like Gecko) Chrome/117.0.0.0 Safari/537.36"
65.0.108.210 - - [28/Oct/2023:06:20:27 +0000] "GET /sqlmanager/index.php?lang=en HTTP/1.1" 502 568 "-" "Mozilla/5.0 (Windows NT 10.0; Win64; x64) AppleWebKit/537.36 (KHTML, like Gecko) Chrome/117.0.0.0 Safari/537.36"
65.0.108.210 - - [28/Oct/2023:06:20:28 +0000] "GET /phpmyadmin/index.php?lang=en HTTP/1.1" 502 568 "-" "Mozilla/5.0 (Windows NT 10.0; Win64; x64) AppleWebKit/537.36 (KHTML, like Gecko) Chrome/117.0.0.0 Safari/537.36"
65.0.108.210 - - [28/Oct/2023:06:20:28 +0000] "GET /index.php?lang=en HTTP/1.1" 502 568 "-" "Mozilla/5.0 (Windows NT 10.0; Win64; x64) AppleWebKit/537.36 (KHTML, like Gecko) Chrome/117.0.0.0 Safari/537.36"
65.0.108.210 - - [28/Oct/2023:06:20:28 +0000] "GET /db/webdb/index.php?lang=en HTTP/1.1" 502 568 "-" "Mozilla/5.0 (Windows NT 10.0; Win64; x64) AppleWebKit/537.36 (KHTML, like Gecko) Chrome/117.0.0.0 Safari/537.36"
65.0.108.210 - - [28/Oct/2023:06:20:28 +0000] "GET /db/phpMyAdmin-5/index.php?lang=en HTTP/1.1" 502 568 "-" "Mozilla/5.0 (Windows NT 10.0; Win64; x64) AppleWebKit/537.36 (KHTML, like Gecko) Chrome/117.0.0.0 Safari/537.36"
65.0.108.210 - - [28/Oct/2023:06:20:28 +0000] "GET /sql/webdb/index.php?lang=en HTTP/1.1" 502 568 "-" "Mozilla/5.0 (Windows NT 10.0; Win64; x64) AppleWebKit/537.36 (KHTML, like Gecko) Chrome/117.0.0.0 Safari/537.36"
65.0.108.210 - - [28/Oct/2023:06:20:28 +0000] "GET /admin/sqladmin/index.php?lang=en HTTP/1.1" 502 568 "-" "Mozilla/5.0 (Windows NT 10.0; Win64; x64) AppleWebKit/537.36 (KHTML, like Gecko) Chrome/117.0.0.0 Safari/537.36"
65.0.108.210 - - [28/Oct/2023:06:20:28 +0000] "GET /db/dbadmin/index.php?lang=en HTTP/1.1" 502 568 "-" "Mozilla/5.0 (Windows NT 10.0; Win64; x64) AppleWebKit/537.36 (KHTML, like Gecko) Chrome/117.0.0.0 Safari/537.36"
65.0.108.210 - - [28/Oct/2023:06:20:29 +0000] "GET /phpmyadmin2022/index.php?lang=en HTTP/1.1" 502 568 "-" "Mozilla/5.0 (Windows NT 10.0; Win64; x64) AppleWebKit/537.36 (KHTML, like Gecko) Chrome/117.0.0.0 Safari/537.36"
65.0.108.210 - - [28/Oct/2023:06:20:29 +0000] "GET /PMA/index.php?lang=en HTTP/1.1" 502 568 "-" "Mozilla/5.0 (Windows NT 10.0; Win64; x64) AppleWebKit/537.36 (KHTML, like Gecko) Chrome/117.0.0.0 Safari/537.36"
65.0.108.210 - - [28/Oct/2023:06:20:29 +0000] "GET /sql/websql/index.php?lang=en HTTP/1.1" 502 568 "-" "Mozilla/5.0 (Windows NT 10.0; Win64; x64) AppleWebKit/537.36 (KHTML, like Gecko) Chrome/117.0.0.0 Safari/537.36"
65.0.108.210 - - [28/Oct/2023:06:20:29 +0000] "GET /administrator/phpMyAdmin/index.php?lang=en HTTP/1.1" 502 568 "-" "Mozilla/5.0 (Windows NT 10.0; Win64; x64) AppleWebKit/537.36 (KHTML, like Gecko) Chrome/117.0.0.0 Safari/537.36"
65.0.108.210 - - [28/Oct/2023:06:20:29 +0000] "GET /phpMyAdmin-5.1.2/index.php?lang=en HTTP/1.1" 502 568 "-" "Mozilla/5.0 (Windows NT 10.0; Win64; x64) AppleWebKit/537.36 (KHTML, like Gecko) Chrome/117.0.0.0 Safari/537.36"
65.0.108.210 - - [28/Oct/2023:06:20:29 +0000] "GET /db/phpMyAdmin3/index.php?lang=en HTTP/1.1" 502 568 "-" "Mozilla/5.0 (Windows NT 10.0; Win64; x64) AppleWebKit/537.36 (KHTML, like Gecko) Chrome/117.0.0.0 Safari/537.36"
65.0.108.210 - - [28/Oct/2023:06:20:29 +0000] "GET /phpMyAdmin-4.9.7/index.php?lang=en HTTP/1.1" 502 568 "-" "Mozilla/5.0 (Windows NT 10.0; Win64; x64) AppleWebKit/537.36 (KHTML, like Gecko) Chrome/117.0.0.0 Safari/537.36"
65.0.108.210 - - [28/Oct/2023:06:20:29 +0000] "GET /phpmyadmin2020/index.php?lang=en HTTP/1.1" 502 568 "-" "Mozilla/5.0 (Windows NT 10.0; Win64; x64) AppleWebKit/537.36 (KHTML, like Gecko) Chrome/117.0.0.0 Safari/537.36"
65.0.108.210 - - [28/Oct/2023:06:20:30 +0000] "GET /phpmyadmin1/index.php?lang=en HTTP/1.1" 502 568 "-" "Mozilla/5.0 (Windows NT 10.0; Win64; x64) AppleWebKit/537.36 (KHTML, like Gecko) Chrome/117.0.0.0 Safari/537.36"
65.0.108.210 - - [28/Oct/2023:06:20:30 +0000] "GET /sql/phpmyadmin3/index.php?lang=en HTTP/1.1" 502 568 "-" "Mozilla/5.0 (Windows NT 10.0; Win64; x64) AppleWebKit/537.36 (KHTML, like Gecko) Chrome/117.0.0.0 Safari/537.36"
65.0.108.210 - - [28/Oct/2023:06:20:30 +0000] "GET /db/phpMyAdmin-3/index.php?lang=en HTTP/1.1" 502 568 "-" "Mozilla/5.0 (Windows NT 10.0; Win64; x64) AppleWebKit/537.36 (KHTML, like Gecko) Chrome/117.0.0.0 Safari/537.36"
65.0.108.210 - - [28/Oct/2023:06:20:30 +0000] "GET /sql/sqlweb/index.php?lang=en HTTP/1.1" 502 568 "-" "Mozilla/5.0 (Windows NT 10.0; Win64; x64) AppleWebKit/537.36 (KHTML, like Gecko) Chrome/117.0.0.0 Safari/537.36"
65.0.108.210 - - [28/Oct/2023:06:20:30 +0000] "GET /phpMyAdmin4/index.php?lang=en HTTP/1.1" 502 568 "-" "Mozilla/5.0 (Windows NT 10.0; Win64; x64) AppleWebKit/537.36 (KHTML, like Gecko) Chrome/117.0.0.0 Safari/537.36"
65.0.108.210 - - [28/Oct/2023:06:20:30 +0000] "GET /mysqlmanager/index.php?lang=en HTTP/1.1" 502 568 "-" "Mozilla/5.0 (Windows NT 10.0; Win64; x64) AppleWebKit/537.36 (KHTML, like Gecko) Chrome/117.0.0.0 Safari/537.36"
65.0.108.210 - - [28/Oct/2023:06:20:30 +0000] "GET /phpMyadmin/index.php?lang=en HTTP/1.1" 502 568 "-" "Mozilla/5.0 (Windows NT 10.0; Win64; x64) AppleWebKit/537.36 (KHTML, like Gecko) Chrome/117.0.0.0 Safari/537.36"
65.0.108.210 - - [28/Oct/2023:06:20:30 +0000] "GET /phpMyAdmin-latest-english/index.php?lang=en HTTP/1.1" 502 568 "-" "Mozilla/5.0 (Windows NT 10.0; Win64; x64) AppleWebKit/537.36 (KHTML, like Gecko) Chrome/117.0.0.0 Safari/537.36"
65.0.108.210 - - [28/Oct/2023:06:20:31 +0000] "GET /db/dbweb/index.php?lang=en HTTP/1.1" 502 568 "-" "Mozilla/5.0 (Windows NT 10.0; Win64; x64) AppleWebKit/537.36 (KHTML, like Gecko) Chrome/117.0.0.0 Safari/537.36"
65.0.108.210 - - [28/Oct/2023:06:20:31 +0000] "GET /administrator/phpmyadmin/index.php?lang=en HTTP/1.1" 502 568 "-" "Mozilla/5.0 (Windows NT 10.0; Win64; x64) AppleWebKit/537.36 (KHTML, like Gecko) Chrome/117.0.0.0 Safari/537.36"
65.0.108.210 - - [28/Oct/2023:06:20:31 +0000] "GET /mysql-admin/index.php?lang=en HTTP/1.1" 502 568 "-" "Mozilla/5.0 (Windows NT 10.0; Win64; x64) AppleWebKit/537.36 (KHTML, like Gecko) Chrome/117.0.0.0 Safari/537.36"
65.0.108.210 - - [28/Oct/2023:06:20:31 +0000] "GET /phpmyadmin2021/index.php?lang=en HTTP/1.1" 502 568 "-" "Mozilla/5.0 (Windows NT 10.0; Win64; x64) AppleWebKit/537.36 (KHTML, like Gecko) Chrome/117.0.0.0 Safari/537.36"
65.0.108.210 - - [28/Oct/2023:06:20:31 +0000] "GET /administrator/PMA/index.php?lang=en HTTP/1.1" 502 568 "-" "Mozilla/5.0 (Windows NT 10.0; Win64; x64) AppleWebKit/537.36 (KHTML, like Gecko) Chrome/117.0.0.0 Safari/537.36"
65.0.108.210 - - [28/Oct/2023:06:20:31 +0000] "GET /phpMyAdmin-5.2.0/index.php?lang=en HTTP/1.1" 502 568 "-" "Mozilla/5.0 (Windows NT 10.0; Win64; x64) AppleWebKit/537.36 (KHTML, like Gecko) Chrome/117.0.0.0 Safari/537.36"
65.0.108.210 - - [28/Oct/2023:06:20:31 +0000] "GET /mysqladmin/index.php?lang=en HTTP/1.1" 502 568 "-" "Mozilla/5.0 (Windows NT 10.0; Win64; x64) AppleWebKit/537.36 (KHTML, like Gecko) Chrome/117.0.0.0 Safari/537.36"
65.0.108.210 - - [28/Oct/2023:06:20:31 +0000] "GET /administrator/web/index.php?lang=en HTTP/1.1" 502 568 "-" "Mozilla/5.0 (Windows NT 10.0; Win64; x64) AppleWebKit/537.36 (KHTML, like Gecko) Chrome/117.0.0.0 Safari/537.36"
65.0.108.210 - - [28/Oct/2023:06:20:32 +0000] "GET /phpmyadmin_/index.php?lang=en HTTP/1.1" 502 568 "-" "Mozilla/5.0 (Windows NT 10.0; Win64; x64) AppleWebKit/537.36 (KHTML, like Gecko) Chrome/117.0.0.0 Safari/537.36"
65.0.108.210 - - [28/Oct/2023:06:20:32 +0000] "GET /phpmyadmin2018/index.php?lang=en HTTP/1.1" 502 568 "-" "Mozilla/5.0 (Windows NT 10.0; Win64; x64) AppleWebKit/537.36 (KHTML, like Gecko) Chrome/117.0.0.0 Safari/537.36"
65.0.108.210 - - [28/Oct/2023:06:20:32 +0000] "GET /admin/pma/index.php?lang=en HTTP/1.1" 502 568 "-" "Mozilla/5.0 (Windows NT 10.0; Win64; x64) AppleWebKit/537.36 (KHTML, like Gecko) Chrome/117.0.0.0 Safari/537.36"
65.0.108.210 - - [28/Oct/2023:06:20:32 +0000] "GET /phpmyadmin2017/index.php?lang=en HTTP/1.1" 502 568 "-" "Mozilla/5.0 (Windows NT 10.0; Win64; x64) AppleWebKit/537.36 (KHTML, like Gecko) Chrome/117.0.0.0 Safari/537.36"
65.0.108.210 - - [28/Oct/2023:06:20:32 +0000] "GET /phpMyAdmin1/index.php?lang=en HTTP/1.1" 502 568 "-" "Mozilla/5.0 (Windows NT 10.0; Win64; x64) AppleWebKit/537.36 (KHTML, like Gecko) Chrome/117.0.0.0 Safari/537.36"
65.0.108.210 - - [28/Oct/2023:06:20:32 +0000] "GET /phpmyadmin3/index.php?lang=en HTTP/1.1" 502 568 "-" "Mozilla/5.0 (Windows NT 10.0; Win64; x64) AppleWebKit/537.36 (KHTML, like Gecko) Chrome/117.0.0.0 Safari/537.36"
65.0.108.210 - - [28/Oct/2023:06:20:32 +0000] "GET /admin/web/index.php?lang=en HTTP/1.1" 502 568 "-" "Mozilla/5.0 (Windows NT 10.0; Win64; x64) AppleWebKit/537.36 (KHTML, like Gecko) Chrome/117.0.0.0 Safari/537.36"
65.0.108.210 - - [28/Oct/2023:06:20:32 +0000] "GET /phpMyAdmin5/index.php?lang=en HTTP/1.1" 502 568 "-" "Mozilla/5.0 (Windows NT 10.0; Win64; x64) AppleWebKit/537.36 (KHTML, like Gecko) Chrome/117.0.0.0 Safari/537.36"
65.0.108.210 - - [28/Oct/2023:06:20:33 +0000] "GET /phpMyAdmin-5.3.0-all-languages/index.php?lang=en HTTP/1.1" 502 568 "-" "Mozilla/5.0 (Windows NT 10.0; Win64; x64) AppleWebKit/537.36 (KHTML, like Gecko) Chrome/117.0.0.0 Safari/537.36"
65.0.108.210 - - [28/Oct/2023:06:20:33 +0000] "GET /phpMyAdmin-3/index.php?lang=en HTTP/1.1" 502 568 "-" "Mozilla/5.0 (Windows NT 10.0; Win64; x64) AppleWebKit/537.36 (KHTML, like Gecko) Chrome/117.0.0.0 Safari/537.36"
65.0.108.210 - - [28/Oct/2023:06:20:33 +0000] "GET /database/index.php?lang=en HTTP/1.1" 502 568 "-" "Mozilla/5.0 (Windows NT 10.0; Win64; x64) AppleWebKit/537.36 (KHTML, like Gecko) Chrome/117.0.0.0 Safari/537.36"
65.0.108.210 - - [28/Oct/2023:06:20:33 +0000] "GET /admin/phpMyAdmin/index.php?lang=en HTTP/1.1" 502 568 "-" "Mozilla/5.0 (Windows NT 10.0; Win64; x64) AppleWebKit/537.36 (KHTML, like Gecko) Chrome/117.0.0.0 Safari/537.36"
65.0.108.210 - - [28/Oct/2023:06:20:33 +0000] "GET /db/phpmyadmin5/index.php?lang=en HTTP/1.1" 502 568 "-" "Mozilla/5.0 (Windows NT 10.0; Win64; x64) AppleWebKit/537.36 (KHTML, like Gecko) Chrome/117.0.0.0 Safari/537.36"
65.0.108.210 - - [28/Oct/2023:06:20:33 +0000] "GET /phpmyadmin2019/index.php?lang=en HTTP/1.1" 502 568 "-" "Mozilla/5.0 (Windows NT 10.0; Win64; x64) AppleWebKit/537.36 (KHTML, like Gecko) Chrome/117.0.0.0 Safari/537.36"
65.0.108.210 - - [28/Oct/2023:06:20:33 +0000] "GET /sql/sqladmin/index.php?lang=en HTTP/1.1" 502 568 "-" "Mozilla/5.0 (Windows NT 10.0; Win64; x64) AppleWebKit/537.36 (KHTML, like Gecko) Chrome/117.0.0.0 Safari/537.36"
65.0.108.210 - - [28/Oct/2023:06:20:33 +0000] "GET /db/myadmin/index.php?lang=en HTTP/1.1" 502 568 "-" "Mozilla/5.0 (Windows NT 10.0; Win64; x64) AppleWebKit/537.36 (KHTML, like Gecko) Chrome/117.0.0.0 Safari/537.36"
65.0.108.210 - - [28/Oct/2023:06:20:34 +0000] "GET /administrator/admin/index.php?lang=en HTTP/1.1" 502 568 "-" "Mozilla/5.0 (Windows NT 10.0; Win64; x64) AppleWebKit/537.36 (KHTML, like Gecko) Chrome/117.0.0.0 Safari/537.36"
65.0.108.210 - - [28/Oct/2023:06:20:34 +0000] "GET /pma/index.php?lang=en HTTP/1.1" 502 568 "-" "Mozilla/5.0 (Windows NT 10.0; Win64; x64) AppleWebKit/537.36 (KHTML, like Gecko) Chrome/117.0.0.0 Safari/537.36"
65.0.108.210 - - [28/Oct/2023:06:20:34 +0000] "GET /sql/phpmyadmin4/index.php?lang=en HTTP/1.1" 502 568 "-" "Mozilla/5.0 (Windows NT 10.0; Win64; x64) AppleWebKit/537.36 (KHTML, like Gecko) Chrome/117.0.0.0 Safari/537.36"
65.0.108.210 - - [28/Oct/2023:06:20:34 +0000] "GET /phpMyAdmin3/index.php?lang=en HTTP/1.1" 502 568 "-" "Mozilla/5.0 (Windows NT 10.0; Win64; x64) AppleWebKit/537.36 (KHTML, like Gecko) Chrome/117.0.0.0 Safari/537.36"
65.0.108.210 - - [28/Oct/2023:06:20:34 +0000] "GET /MyAdmin/index.php?lang=en HTTP/1.1" 502 568 "-" "Mozilla/5.0 (Windows NT 10.0; Win64; x64) AppleWebKit/537.36 (KHTML, like Gecko) Chrome/117.0.0.0 Safari/537.36"
65.0.108.210 - - [28/Oct/2023:06:20:34 +0000] "GET /phpMyAdmin_/index.php?lang=en HTTP/1.1" 502 568 "-" "Mozilla/5.0 (Windows NT 10.0; Win64; x64) AppleWebKit/537.36 (KHTML, like Gecko) Chrome/117.0.0.0 Safari/537.36"
65.0.108.210 - - [28/Oct/2023:06:20:34 +0000] "GET /php-my-admin/index.php?lang=en HTTP/1.1" 502 568 "-" "Mozilla/5.0 (Windows NT 10.0; Win64; x64) AppleWebKit/537.36 (KHTML, like Gecko) Chrome/117.0.0.0 Safari/537.36"
65.0.108.210 - - [28/Oct/2023:06:20:34 +0000] "GET /phpMyAdmin-5.1.3/index.php?lang=en HTTP/1.1" 502 568 "-" "Mozilla/5.0 (Windows NT 10.0; Win64; x64) AppleWebKit/537.36 (KHTML, like Gecko) Chrome/117.0.0.0 Safari/537.36"
65.0.108.210 - - [28/Oct/2023:06:20:35 +0000] "GET /program/index.php?lang=en HTTP/1.1" 502 568 "-" "Mozilla/5.0 (Windows NT 10.0; Win64; x64) AppleWebKit/537.36 (KHTML, like Gecko) Chrome/117.0.0.0 Safari/537.36"
65.0.108.210 - - [28/Oct/2023:06:20:35 +0000] "GET /db/db-admin/index.php?lang=en HTTP/1.1" 502 568 "-" "Mozilla/5.0 (Windows NT 10.0; Win64; x64) AppleWebKit/537.36 (KHTML, like Gecko) Chrome/117.0.0.0 Safari/537.36"
65.0.108.210 - - [28/Oct/2023:06:20:35 +0000] "GET /administrator/db/index.php?lang=en HTTP/1.1" 502 568 "-" "Mozilla/5.0 (Windows NT 10.0; Win64; x64) AppleWebKit/537.36 (KHTML, like Gecko) Chrome/117.0.0.0 Safari/537.36"
65.0.108.210 - - [28/Oct/2023:06:20:35 +0000] "GET /mysql/pMA/index.php?lang=en HTTP/1.1" 502 568 "-" "Mozilla/5.0 (Windows NT 10.0; Win64; x64) AppleWebKit/537.36 (KHTML, like Gecko) Chrome/117.0.0.0 Safari/537.36"
65.0.108.210 - - [28/Oct/2023:06:20:35 +0000] "GET /mysql/admin/index.php?lang=en HTTP/1.1" 502 568 "-" "Mozilla/5.0 (Windows NT 10.0; Win64; x64) AppleWebKit/537.36 (KHTML, like Gecko) Chrome/117.0.0.0 Safari/537.36"
65.0.108.210 - - [28/Oct/2023:06:20:35 +0000] "GET /phpmy/index.php?lang=en HTTP/1.1" 502 568 "-" "Mozilla/5.0 (Windows NT 10.0; Win64; x64) AppleWebKit/537.36 (KHTML, like Gecko) Chrome/117.0.0.0 Safari/537.36"
65.0.108.210 - - [28/Oct/2023:06:20:35 +0000] "GET /phpmy-admin/index.php?lang=en HTTP/1.1" 502 568 "-" "Mozilla/5.0 (Windows NT 10.0; Win64; x64) AppleWebKit/537.36 (KHTML, like Gecko) Chrome/117.0.0.0 Safari/537.36"
65.0.108.210 - - [28/Oct/2023:06:20:35 +0000] "GET /sql/sql-admin/index.php?lang=en HTTP/1.1" 502 568 "-" "Mozilla/5.0 (Windows NT 10.0; Win64; x64) AppleWebKit/537.36 (KHTML, like Gecko) Chrome/117.0.0.0 Safari/537.36"
65.0.108.210 - - [28/Oct/2023:06:20:36 +0000] "GET /sql/sql/index.php?lang=en HTTP/1.1" 502 568 "-" "Mozilla/5.0 (Windows NT 10.0; Win64; x64) AppleWebKit/537.36 (KHTML, like Gecko) Chrome/117.0.0.0 Safari/537.36"
65.0.108.210 - - [28/Oct/2023:06:20:36 +0000] "GET /phpmyadmin2012/index.php?lang=en HTTP/1.1" 502 568 "-" "Mozilla/5.0 (Windows NT 10.0; Win64; x64) AppleWebKit/537.36 (KHTML, like Gecko) Chrome/117.0.0.0 Safari/537.36"
65.0.108.210 - - [28/Oct/2023:06:20:36 +0000] "GET /admin/index.php?lang=en HTTP/1.1" 502 568 "-" "Mozilla/5.0 (Windows NT 10.0; Win64; x64) AppleWebKit/537.36 (KHTML, like Gecko) Chrome/117.0.0.0 Safari/537.36"
65.0.108.210 - - [28/Oct/2023:06:20:36 +0000] "GET /shopdb/index.php?lang=en HTTP/1.1" 502 568 "-" "Mozilla/5.0 (Windows NT 10.0; Win64; x64) AppleWebKit/537.36 (KHTML, like Gecko) Chrome/117.0.0.0 Safari/537.36"
65.0.108.210 - - [28/Oct/2023:06:20:36 +0000] "GET /sql/myadmin/index.php?lang=en HTTP/1.1" 502 568 "-" "Mozilla/5.0 (Windows NT 10.0; Win64; x64) AppleWebKit/537.36 (KHTML, like Gecko) Chrome/117.0.0.0 Safari/537.36"
65.0.108.210 - - [28/Oct/2023:06:20:36 +0000] "GET /phpMyAdmin-5.2.0-all-languages/index.php?lang=en HTTP/1.1" 502 568 "-" "Mozilla/5.0 (Windows NT 10.0; Win64; x64) AppleWebKit/537.36 (KHTML, like Gecko) Chrome/117.0.0.0 Safari/537.36"
65.0.108.210 - - [28/Oct/2023:06:20:36 +0000] "GET /db/phpmyadmin3/index.php?lang=en HTTP/1.1" 502 568 "-" "Mozilla/5.0 (Windows NT 10.0; Win64; x64) AppleWebKit/537.36 (KHTML, like Gecko) Chrome/117.0.0.0 Safari/537.36"
65.0.108.210 - - [28/Oct/2023:06:20:36 +0000] "GET /phpmyadmin4/index.php?lang=en HTTP/1.1" 502 568 "-" "Mozilla/5.0 (Windows NT 10.0; Win64; x64) AppleWebKit/537.36 (KHTML, like Gecko) Chrome/117.0.0.0 Safari/537.36"
65.0.108.210 - - [28/Oct/2023:06:20:37 +0000] "GET /__phpmyadmin/index.php?lang=en HTTP/1.1" 502 568 "-" "Mozilla/5.0 (Windows NT 10.0; Win64; x64) AppleWebKit/537.36 (KHTML, like Gecko) Chrome/117.0.0.0 Safari/537.36"
65.0.108.210 - - [28/Oct/2023:06:20:37 +0000] "GET /db/websql/index.php?lang=en HTTP/1.1" 502 568 "-" "Mozilla/5.0 (Windows NT 10.0; Win64; x64) AppleWebKit/537.36 (KHTML, like Gecko) Chrome/117.0.0.0 Safari/537.36"
65.0.108.210 - - [28/Oct/2023:06:20:37 +0000] "GET /phpmyadmin2014/index.php?lang=en HTTP/1.1" 502 568 "-" "Mozilla/5.0 (Windows NT 10.0; Win64; x64) AppleWebKit/537.36 (KHTML, like Gecko) Chrome/117.0.0.0 Safari/537.36"
65.0.108.210 - - [28/Oct/2023:06:20:37 +0000] "GET /wp-content/plugins/portable-phpmyadmin/wp-pma-mod/index.php?lang=en HTTP/1.1" 502 568 "-" "Mozilla/5.0 (Windows NT 10.0; Win64; x64) AppleWebKit/537.36 (KHTML, like Gecko) Chrome/117.0.0.0 Safari/537.36"
65.0.108.210 - - [28/Oct/2023:06:20:37 +0000] "GET /sql/webadmin/index.php?lang=en HTTP/1.1" 502 568 "-" "Mozilla/5.0 (Windows NT 10.0; Win64; x64) AppleWebKit/537.36 (KHTML, like Gecko) Chrome/117.0.0.0 Safari/537.36"
