46.107.148.162 - - [31/Oct/2023:22:30:19 +0000] "GET / HTTP/1.0" 502 166 "-" "-"
35.203.210.50 - - [31/Oct/2023:22:39:34 +0000] "GET / HTTP/1.1" 502 166 "-" "Expanse, a Palo Alto Networks company, searches across the global IPv4 space multiple times per day to identify customers&#39; presences on the Internet. If you would like to be excluded from our scans, please send IP addresses/domains to: scaninfo@paloaltonetworks.com"
66.240.205.34 - - [31/Oct/2023:22:41:31 +0000] "145.ll|'|'|SGFjS2VkX0Q0OTkwNjI3|'|'|WIN-JNAPIER0859|'|'|JNapier|'|'|19-02-01|'|'||'|'|Win 7 Professional SP1 x64|'|'|No|'|'|0.7d|'|'|..|'|'|AA==|'|'|112.inf|'|'|SGFjS2VkDQoxOTIuMTY4LjkyLjIyMjo1NTUyDQpEZXNrdG9wDQpjbGllbnRhLmV4ZQ0KRmFsc2UNCkZhbHNlDQpUcnVlDQpGYWxzZQ==12.act|'|'|AA==" 400 166 "-" "-"
1.14.7.100 - - [31/Oct/2023:22:48:12 +0000] "HEAD /Core/Skin/Login.aspx HTTP/1.1" 502 0 "-" "Mozilla/5.0 (Windows NT 10.0; Win64; x64) AppleWebKit/537.36 (KHTML, like Gecko) Chrome/106.0.0.0 Safari/537.36"
135.125.246.189 - - [31/Oct/2023:22:49:16 +0000] "GET /.env HTTP/1.1" 502 568 "-" "Mozilla/5.0 (X11; Linux x86_64) AppleWebKit/537.36 (KHTML, like Gecko) Chrome/81.0.4044.129 Safari/537.36"
135.125.246.189 - - [31/Oct/2023:22:49:16 +0000] "POST / HTTP/1.1" 502 568 "-" "Mozilla/5.0 (X11; Linux x86_64) AppleWebKit/537.36 (KHTML, like Gecko) Chrome/81.0.4044.129 Safari/537.36"
91.39.133.33 - - [31/Oct/2023:22:50:27 +0000] "GET / HTTP/1.0" 502 166 "-" "-"
31.211.142.210 - - [31/Oct/2023:22:52:47 +0000] "GET / HTTP/1.0" 502 166 "-" "-"
147.78.47.10 - - [31/Oct/2023:23:08:42 +0000] "\x03\x00\x00/*\xE0\x00\x00\x00\x00\x00Cookie: mstshash=Administr" 400 166 "-" "-"
185.254.196.173 - - [31/Oct/2023:23:30:21 +0000] "GET /.env HTTP/1.1" 502 568 "-" "Mozilla/5.0 (X11; Linux x86_64) AppleWebKit/537.36 (KHTML, like Gecko) Chrome/81.0.4044.129 Safari/537.36"
185.254.196.173 - - [31/Oct/2023:23:30:21 +0000] "POST / HTTP/1.1" 502 568 "-" "Mozilla/5.0 (X11; Linux x86_64) AppleWebKit/537.36 (KHTML, like Gecko) Chrome/81.0.4044.129 Safari/537.36"
192.155.90.118 - - [31/Oct/2023:23:52:08 +0000] "\x16\x03\x01\x00\x85\x01\x00\x00\x81\x03\x03lAh\xD1\x00\x06b//\xA0%Vwh\xAC\x17\x85um\xF2@\xBB\xE8HW\x81\x134Q\xC9\xD6\xF7\x00\x00 \xC0/\xC00\xC0+\xC0,\xCC\xA8\xCC\xA9\xC0\x13\xC0\x09\xC0\x14\xC0" 400 166 "-" "-"
69.164.217.74 - - [01/Nov/2023:00:02:33 +0000] "GET / HTTP/1.1" 502 166 "-" "Mozilla/5.0 zgrab/0.x"
135.125.217.54 - - [01/Nov/2023:00:03:09 +0000] "GET /.env HTTP/1.1" 502 568 "-" "Mozilla/5.0 (X11; Linux x86_64) AppleWebKit/537.36 (KHTML, like Gecko) Chrome/81.0.4044.129 Safari/537.36"
135.125.217.54 - - [01/Nov/2023:00:03:09 +0000] "POST / HTTP/1.1" 502 568 "-" "Mozilla/5.0 (X11; Linux x86_64) AppleWebKit/537.36 (KHTML, like Gecko) Chrome/81.0.4044.129 Safari/537.36"
172.105.128.11 - - [01/Nov/2023:00:03:11 +0000] "GET / HTTP/1.1" 502 568 "-" "Mozilla/5.0 (Macintosh; Intel Mac OS X 13_1) AppleWebKit/537.36 (KHTML, like Gecko) Chrome/108.0.0.0 Safari/537.36"
193.35.18.187 - - [01/Nov/2023:00:04:41 +0000] "CONNECT google.com:443 HTTP/1.1" 400 166 "-" "-"
107.170.227.12 - - [01/Nov/2023:00:26:45 +0000] "GET / HTTP/1.1" 502 166 "-" "Mozilla/5.0 zgrab/0.x"
1.14.7.100 - - [01/Nov/2023:00:46:23 +0000] "HEAD /Core/Skin/Login.aspx HTTP/1.1" 502 0 "-" "Mozilla/5.0 (Windows NT 10.0; Win64; x64) AppleWebKit/537.36 (KHTML, like Gecko) Chrome/106.0.0.0 Safari/537.36"
135.125.246.189 - - [01/Nov/2023:00:47:12 +0000] "GET /.env HTTP/1.1" 502 568 "-" "Mozilla/5.0 (X11; Linux x86_64) AppleWebKit/537.36 (KHTML, like Gecko) Chrome/81.0.4044.129 Safari/537.36"
135.125.246.189 - - [01/Nov/2023:00:47:12 +0000] "POST / HTTP/1.1" 502 568 "-" "Mozilla/5.0 (X11; Linux x86_64) AppleWebKit/537.36 (KHTML, like Gecko) Chrome/81.0.4044.129 Safari/537.36"
135.125.217.54 - - [01/Nov/2023:02:16:27 +0000] "GET /.env HTTP/1.1" 502 568 "-" "Mozilla/5.0 (X11; Linux x86_64) AppleWebKit/537.36 (KHTML, like Gecko) Chrome/81.0.4044.129 Safari/537.36"
135.125.217.54 - - [01/Nov/2023:02:16:27 +0000] "POST / HTTP/1.1" 502 568 "-" "Mozilla/5.0 (X11; Linux x86_64) AppleWebKit/537.36 (KHTML, like Gecko) Chrome/81.0.4044.129 Safari/537.36"
205.210.31.155 - - [01/Nov/2023:02:29:11 +0000] "\x16\x03\x01\x00\xCA\x01\x00\x00\xC6\x03\x03nEb\xA4J\xF9\x035\xDF\xD4\x06dK\xE8=$'\x12o\x9A\xA2\xB0_\x87\xA6\xBF\x93\xDB(D\xCE{\x00\x00h\xCC\x14\xCC\x13\xC0/\xC0+\xC00\xC0,\xC0\x11\xC0\x07\xC0'\xC0#\xC0\x13\xC0\x09\xC0(\xC0$\xC0\x14\xC0" 400 166 "-" "-"
205.210.31.155 - - [01/Nov/2023:02:29:11 +0000] "\x16\x03\x01\x00\xEE\x01\x00\x00\xEA\x03\x03JG\xE0\x11\xB5\xAA\xCE\xF0T2\x86a7\x8Dh\xF8\x1BL$\xDF/\x03\x8EI@#~\x7F\x8C'\xE9\x19 \xE3\xE7f\xDB\xE8\xE1\xFD\x16\xC0\x1CW^P\xCE\xBB\x16\xB1\x82O\xA6\x11V<\x89\xF9I\xA0\xC9fP\x8F$\x00&\xC0+\xC0/\xC0,\xC00\xCC\xA9\xCC\xA8\xC0\x09\xC0\x13\xC0" 400 166 "-" "-"
198.235.24.144 - - [01/Nov/2023:02:39:33 +0000] "GET / HTTP/1.0" 502 166 "-" "Expanse, a Palo Alto Networks company, searches across the global IPv4 space multiple times per day to identify customers&#39; presences on the Internet. If you would like to be excluded from our scans, please send IP addresses/domains to: scaninfo@paloaltonetworks.com"
1.14.7.100 - - [01/Nov/2023:02:47:49 +0000] "HEAD /Core/Skin/Login.aspx HTTP/1.1" 502 0 "-" "Mozilla/5.0 (Windows NT 10.0; Win64; x64) AppleWebKit/537.36 (KHTML, like Gecko) Chrome/106.0.0.0 Safari/537.36"
35.160.236.126 - - [01/Nov/2023:02:48:31 +0000] "OPTIONS / HTTP/1.1" 502 568 "-" "Mozilla/5.0 (Macintosh; Intel Mac OS X 10_11_5) AppleWebKit/537.36 (KHTML, like Gecko) Chrome/50.0.2661.102 Safari/537.36"
95.158.32.112 - - [01/Nov/2023:02:50:57 +0000] "GET /194904995 HTTP/1.1" 502 166 "-" "-"
185.254.196.173 - - [01/Nov/2023:02:57:32 +0000] "GET /.env HTTP/1.1" 502 568 "-" "Mozilla/5.0 (X11; Linux x86_64) AppleWebKit/537.36 (KHTML, like Gecko) Chrome/81.0.4044.129 Safari/537.36"
185.254.196.173 - - [01/Nov/2023:02:57:35 +0000] "POST / HTTP/1.1" 502 568 "-" "Mozilla/5.0 (X11; Linux x86_64) AppleWebKit/537.36 (KHTML, like Gecko) Chrome/81.0.4044.129 Safari/537.36"
192.241.216.31 - - [01/Nov/2023:03:38:06 +0000] "GET / HTTP/1.1" 502 166 "-" "Mozilla/5.0 zgrab/0.x"
135.125.217.54 - - [01/Nov/2023:03:52:35 +0000] "GET /.env HTTP/1.1" 502 568 "-" "Mozilla/5.0 (X11; Linux x86_64) AppleWebKit/537.36 (KHTML, like Gecko) Chrome/81.0.4044.129 Safari/537.36"
135.125.217.54 - - [01/Nov/2023:03:52:35 +0000] "POST / HTTP/1.1" 502 568 "-" "Mozilla/5.0 (X11; Linux x86_64) AppleWebKit/537.36 (KHTML, like Gecko) Chrome/81.0.4044.129 Safari/537.36"
180.149.125.167 - - [01/Nov/2023:04:09:18 +0000] "GET /c/ HTTP/1.1" 502 568 "-" "Mozilla/5.0 (Windows NT 5.1; Win64; x64) AppleWebKit/537.36 (KHTML, like Gecko) Chrome/60.0.3112.90 Safari/537.36"
185.254.196.186 - - [01/Nov/2023:04:34:12 +0000] "GET /.env HTTP/1.1" 502 568 "-" "Mozilla/5.0 (X11; Linux x86_64) AppleWebKit/537.36 (KHTML, like Gecko) Chrome/81.0.4044.129 Safari/537.36"
185.254.196.186 - - [01/Nov/2023:04:34:12 +0000] "POST / HTTP/1.1" 502 568 "-" "Mozilla/5.0 (X11; Linux x86_64) AppleWebKit/537.36 (KHTML, like Gecko) Chrome/81.0.4044.129 Safari/537.36"
1.14.7.100 - - [01/Nov/2023:04:58:36 +0000] "HEAD /Core/Skin/Login.aspx HTTP/1.1" 502 0 "-" "Mozilla/5.0 (Windows NT 10.0; Win64; x64) AppleWebKit/537.36 (KHTML, like Gecko) Chrome/106.0.0.0 Safari/537.36"
45.79.172.21 - - [01/Nov/2023:05:25:02 +0000] "\x16\x03\x01\x00\x85\x01\x00\x00\x81\x03\x03\xF2-\xB9\x9F5\xB97\xDEriN\x9A2\xBF\x08\xCC\xBC\xFF?h\xFA\x13\xE1\xDC\x22\x10\x11 \xA1\x94\xBAR\x00\x00 \xC0/\xC00\xC0+\xC0,\xCC\xA8\xCC\xA9\xC0\x13\xC0\x09\xC0\x14\xC0" 400 166 "-" "-"
162.243.131.39 - - [01/Nov/2023:05:36:58 +0000] "MGLNDD_3.68.85.218_80" 400 166 "-" "-"
135.125.217.54 - - [01/Nov/2023:05:55:17 +0000] "GET /.env HTTP/1.1" 502 568 "-" "Mozilla/5.0 (X11; Linux x86_64) AppleWebKit/537.36 (KHTML, like Gecko) Chrome/81.0.4044.129 Safari/537.36"
135.125.217.54 - - [01/Nov/2023:05:55:17 +0000] "POST / HTTP/1.1" 502 568 "-" "Mozilla/5.0 (X11; Linux x86_64) AppleWebKit/537.36 (KHTML, like Gecko) Chrome/81.0.4044.129 Safari/537.36"
104.140.148.110 - - [01/Nov/2023:06:35:09 +0000] "GET / HTTP/1.1" 502 166 "-" "Mozilla/5.0 (Macintosh; Intel Mac OS X 10.9; rv:35.0) Gecko/20100101 Firefox/35.0"
1.14.7.100 - - [01/Nov/2023:07:13:59 +0000] "HEAD /Core/Skin/Login.aspx HTTP/1.1" 502 0 "-" "Mozilla/5.0 (Windows NT 10.0; Win64; x64) AppleWebKit/537.36 (KHTML, like Gecko) Chrome/106.0.0.0 Safari/537.36"
185.254.196.173 - - [01/Nov/2023:07:24:59 +0000] "GET /.env HTTP/1.1" 502 568 "-" "Mozilla/5.0 (X11; Linux x86_64) AppleWebKit/537.36 (KHTML, like Gecko) Chrome/81.0.4044.129 Safari/537.36"
185.254.196.173 - - [01/Nov/2023:07:24:59 +0000] "POST / HTTP/1.1" 502 568 "-" "Mozilla/5.0 (X11; Linux x86_64) AppleWebKit/537.36 (KHTML, like Gecko) Chrome/81.0.4044.129 Safari/537.36"
113.219.218.197 - - [01/Nov/2023:07:27:48 +0000] "GET / HTTP/1.1" 502 166 "-" "Mozilla/5.0 (iPhone; CPU iPhone OS 13_2_3 like Mac OS X) AppleWebKit/605.1.15 (KHTML, like Gecko) Version/13.0.3 Mobile/15E148 Safari/604.1"
135.125.217.54 - - [01/Nov/2023:07:48:12 +0000] "GET /.env HTTP/1.1" 502 568 "-" "Mozilla/5.0 (X11; Linux x86_64) AppleWebKit/537.36 (KHTML, like Gecko) Chrome/81.0.4044.129 Safari/537.36"
135.125.217.54 - - [01/Nov/2023:07:48:12 +0000] "POST / HTTP/1.1" 502 568 "-" "Mozilla/5.0 (X11; Linux x86_64) AppleWebKit/537.36 (KHTML, like Gecko) Chrome/81.0.4044.129 Safari/537.36"
35.203.211.165 - - [01/Nov/2023:07:49:45 +0000] "GET / HTTP/1.1" 502 166 "-" "Expanse, a Palo Alto Networks company, searches across the global IPv4 space multiple times per day to identify customers&#39; presences on the Internet. If you would like to be excluded from our scans, please send IP addresses/domains to: scaninfo@paloaltonetworks.com"
64.62.197.43 - - [01/Nov/2023:08:05:13 +0000] "GET / HTTP/1.1" 502 568 "-" "Mozilla/5.0 (Windows NT 10.0; Win64; x64) AppleWebKit/537.36 (KHTML, like Gecko) Chrome/110.0.0.0 Safari/537.36 Edg/110.0.1587.56"
64.62.197.41 - - [01/Nov/2023:08:06:17 +0000] "GET /webui/ HTTP/1.1" 502 166 "-" "Mozilla/5.0 (X11; Linux x86_64; rv:102.0) Gecko/20100101 Firefox/102.0"
64.62.197.34 - - [01/Nov/2023:08:07:21 +0000] "GET /favicon.ico HTTP/1.1" 502 166 "-" "Mozilla/5.0 (Windows NT 10.0; rv:110.0) Gecko/20100101 Firefox/110.0"
64.62.197.36 - - [01/Nov/2023:08:08:03 +0000] "GET /geoserver/web/ HTTP/1.1" 502 568 "-" "Mozilla/5.0 (Windows NT 10.0; Win64; x64) AppleWebKit/537.36 (KHTML, like Gecko) Chrome/110.0.0.0 Safari/537.36 Edg/110.0.1587.56"
91.92.245.64 - - [01/Nov/2023:08:30:09 +0000] "GET /.git/config HTTP/1.1" 502 166 "-" "python-requests/2.28.2"
91.92.245.64 - - [01/Nov/2023:08:30:09 +0000] "GET /.git/config HTTP/1.1" 502 166 "-" "python-requests/2.28.2"
91.92.245.64 - - [01/Nov/2023:08:30:13 +0000] "GET /.git/config HTTP/1.1" 502 166 "-" "python-requests/2.28.2"
91.92.245.64 - - [01/Nov/2023:08:30:13 +0000] "GET /.git/config HTTP/1.1" 502 166 "-" "python-requests/2.28.2"
94.156.66.33 - - [01/Nov/2023:08:54:35 +0000] "POST /boaform/admin/formLogin HTTP/1.1" 502 166 "http://3.68.85.218:80/admin/login.asp" "Mozilla/5.0 (X11; Ubuntu; Linux x86_64; rv:71.0) Gecko/20100101 Firefox/71.0"
94.156.66.33 - - [01/Nov/2023:08:54:35 +0000] "" 400 0 "-" "-"
185.254.196.173 - - [01/Nov/2023:08:57:29 +0000] "GET /.env HTTP/1.1" 502 568 "-" "Mozilla/5.0 (X11; Linux x86_64) AppleWebKit/537.36 (KHTML, like Gecko) Chrome/81.0.4044.129 Safari/537.36"
185.254.196.173 - - [01/Nov/2023:08:57:30 +0000] "POST / HTTP/1.1" 502 568 "-" "Mozilla/5.0 (X11; Linux x86_64) AppleWebKit/537.36 (KHTML, like Gecko) Chrome/81.0.4044.129 Safari/537.36"
45.79.181.251 - - [01/Nov/2023:08:59:13 +0000] "\x16\x03\x01\x00\x85\x01\x00\x00\x81\x03\x03\xC8\xA2L\xBA\xDFi\xE0;\xA5\x01w\x95\x09\xA4p+Z\x07\xDF\x01\xC4D\xAF\xB6\xC6W\xEC\xA6\xD1gJ\xF1\x00\x00 \xC0/\xC00\xC0+\xC0,\xCC\xA8\xCC\xA9\xC0\x13\xC0\x09\xC0\x14\xC0" 400 166 "-" "-"
135.125.217.54 - - [01/Nov/2023:09:18:31 +0000] "GET /.env HTTP/1.1" 502 568 "-" "Mozilla/5.0 (X11; Linux x86_64) AppleWebKit/537.36 (KHTML, like Gecko) Chrome/81.0.4044.129 Safari/537.36"
135.125.217.54 - - [01/Nov/2023:09:18:31 +0000] "POST / HTTP/1.1" 502 568 "-" "Mozilla/5.0 (X11; Linux x86_64) AppleWebKit/537.36 (KHTML, like Gecko) Chrome/81.0.4044.129 Safari/537.36"
1.14.7.100 - - [01/Nov/2023:09:29:28 +0000] "HEAD /Core/Skin/Login.aspx HTTP/1.1" 502 0 "-" "Mozilla/5.0 (Windows NT 10.0; Win64; x64) AppleWebKit/537.36 (KHTML, like Gecko) Chrome/106.0.0.0 Safari/537.36"
205.210.31.135 - - [01/Nov/2023:09:37:27 +0000] "\x16\x03\x01\x00\xEE\x01\x00\x00\xEA\x03\x03\xEF\x07\x8A\x82\xB1\x01N\xAB`\xC30\xC1\x07\xAB\xF73\xEA\x10][p\x0FI\xA6\xA8[\xC8\xF77\x19P\x16 toma\xF3(\xCD\x91\x85!\xFD\xB6\x04\xDF\x9F\xEA\xD2\x90\x06\xE8\x9C\x150E\xF1\xDC\xCC\xD4*\xCB9@\x00&\xC0+\xC0/\xC0,\xC00\xCC\xA9\xCC\xA8\xC0\x09\xC0\x13\xC0" 400 166 "-" "-"
205.210.31.135 - - [01/Nov/2023:09:37:27 +0000] "\x16\x03\x01\x00\xCA\x01\x00\x00\xC6\x03\x03<\xC0\xC8\xB2\xCB.\xE4Z\xB8\xEB\x13\xEA={\x01\xDE/7$\x91>\xE0-a\x0BK\x12\xC1:" 400 166 "-" "-"
205.210.31.155 - - [01/Nov/2023:09:56:24 +0000] "GET / HTTP/1.0" 502 166 "-" "Expanse, a Palo Alto Networks company, searches across the global IPv4 space multiple times per day to identify customers&#39; presences on the Internet. If you would like to be excluded from our scans, please send IP addresses/domains to: scaninfo@paloaltonetworks.com"
45.56.108.128 - - [01/Nov/2023:10:13:22 +0000] "GET /systembc/password.php HTTP/1.0" 502 568 "-" "Mozilla/5.0 (Macintosh; Intel Mac OS X 10_15_7) AppleWebKit/537.36 (KHTML, like Gecko) Chrome/107.0.0.0 Safari/537.36"
65.49.1.111 - - [01/Nov/2023:10:19:07 +0000] "\x16\x03\x01\x00{\x01\x00\x00w\x03\x03\xBDK\xAF\x8B%\xCA\xE9" 400 166 "-" "-"
135.125.217.54 - - [01/Nov/2023:10:21:49 +0000] "GET /.env HTTP/1.1" 502 568 "-" "Mozilla/5.0 (X11; Linux x86_64) AppleWebKit/537.36 (KHTML, like Gecko) Chrome/81.0.4044.129 Safari/537.36"
135.125.217.54 - - [01/Nov/2023:10:21:49 +0000] "POST / HTTP/1.1" 502 568 "-" "Mozilla/5.0 (X11; Linux x86_64) AppleWebKit/537.36 (KHTML, like Gecko) Chrome/81.0.4044.129 Safari/537.36"
193.35.18.187 - - [01/Nov/2023:11:29:47 +0000] "CONNECT google.com:443 HTTP/1.1" 400 166 "-" "-"
1.14.7.100 - - [01/Nov/2023:11:38:26 +0000] "HEAD /Core/Skin/Login.aspx HTTP/1.1" 502 0 "-" "Mozilla/5.0 (Windows NT 10.0; Win64; x64) AppleWebKit/537.36 (KHTML, like Gecko) Chrome/106.0.0.0 Safari/537.36"
185.254.196.173 - - [01/Nov/2023:11:46:50 +0000] "GET /.env HTTP/1.1" 502 568 "-" "Mozilla/5.0 (X11; Linux x86_64) AppleWebKit/537.36 (KHTML, like Gecko) Chrome/81.0.4044.129 Safari/537.36"
185.254.196.173 - - [01/Nov/2023:11:46:53 +0000] "POST / HTTP/1.1" 502 568 "-" "Mozilla/5.0 (X11; Linux x86_64) AppleWebKit/537.36 (KHTML, like Gecko) Chrome/81.0.4044.129 Safari/537.36"
35.178.78.33 - - [01/Nov/2023:11:49:09 +0000] "GET / HTTP/1.1" 502 568 "-" "Mozilla/5.0 (X11; Linux x86_64) AppleWebKit/537.36 (KHTML, like Gecko) Chrome/118.0.0.0 Safari/537.36"
35.178.78.33 - - [01/Nov/2023:11:49:09 +0000] "GET /favicon.ico HTTP/1.1" 502 568 "http://djblog.grivis.space/" "Mozilla/5.0 (X11; Linux x86_64) AppleWebKit/537.36 (KHTML, like Gecko) Chrome/118.0.0.0 Safari/537.36"
35.178.78.33 - - [01/Nov/2023:11:50:53 +0000] "GET / HTTP/1.1" 502 568 "-" "Mozilla/5.0 (X11; Linux x86_64) AppleWebKit/537.36 (KHTML, like Gecko) Chrome/118.0.0.0 Safari/537.36"
35.178.78.33 - - [01/Nov/2023:11:50:53 +0000] "GET /favicon.ico HTTP/1.1" 502 568 "http://djblog.grivis.space/" "Mozilla/5.0 (X11; Linux x86_64) AppleWebKit/537.36 (KHTML, like Gecko) Chrome/118.0.0.0 Safari/537.36"
35.178.78.33 - - [01/Nov/2023:11:50:54 +0000] "GET / HTTP/1.1" 502 568 "-" "Mozilla/5.0 (X11; Linux x86_64) AppleWebKit/537.36 (KHTML, like Gecko) Chrome/118.0.0.0 Safari/537.36"
35.178.78.33 - - [01/Nov/2023:11:50:55 +0000] "GET /favicon.ico HTTP/1.1" 502 568 "http://djblog.grivis.space/" "Mozilla/5.0 (X11; Linux x86_64) AppleWebKit/537.36 (KHTML, like Gecko) Chrome/118.0.0.0 Safari/537.36"
35.178.78.33 - - [01/Nov/2023:11:50:56 +0000] "GET / HTTP/1.1" 502 568 "-" "Mozilla/5.0 (X11; Linux x86_64) AppleWebKit/537.36 (KHTML, like Gecko) Chrome/118.0.0.0 Safari/537.36"
35.178.78.33 - - [01/Nov/2023:11:50:56 +0000] "GET /favicon.ico HTTP/1.1" 502 568 "http://djblog.grivis.space/" "Mozilla/5.0 (X11; Linux x86_64) AppleWebKit/537.36 (KHTML, like Gecko) Chrome/118.0.0.0 Safari/537.36"
159.65.177.57 - - [01/Nov/2023:11:54:26 +0000] "GET / HTTP/1.0" 502 166 "-" "Mozilla/5.0 (X11; Linux x86_64; rv:73.0) Gecko/20100101 Firefox/73.0"
135.125.217.54 - - [01/Nov/2023:12:06:21 +0000] "GET /.env HTTP/1.1" 502 568 "-" "Mozilla/5.0 (X11; Linux x86_64) AppleWebKit/537.36 (KHTML, like Gecko) Chrome/81.0.4044.129 Safari/537.36"
135.125.217.54 - - [01/Nov/2023:12:06:21 +0000] "POST / HTTP/1.1" 502 568 "-" "Mozilla/5.0 (X11; Linux x86_64) AppleWebKit/537.36 (KHTML, like Gecko) Chrome/81.0.4044.129 Safari/537.36"
159.65.177.57 - - [01/Nov/2023:12:15:26 +0000] "GET / HTTP/1.1" 502 166 "-" "Mozilla/5.0 (X11; Linux x86_64; rv:73.0) Gecko/20100101 Firefox/73.0"
159.65.177.57 - - [01/Nov/2023:12:15:26 +0000] "GET /favicon.ico HTTP/1.1" 502 166 "http://3.68.85.218/" "Mozilla/5.0 (X11; Linux x86_64; rv:73.0) Gecko/20100101 Firefox/73.0"
37.65.160.241 - - [01/Nov/2023:12:21:47 +0000] "GET /.env HTTP/1.1" 502 166 "-" "Mozilla/5.0 (Macintosh; Intel Mac OS X 10.15; rv:77.0) Gecko/20100101 Firefox/77.0"
59.52.177.22 - - [01/Nov/2023:12:37:55 +0000] "GET / HTTP/1.0" 502 166 "-" "-"
124.117.198.147 - - [01/Nov/2023:12:38:10 +0000] "GET / HTTP/1.1" 502 568 "-" "Mozilla/5.0 (Windows NT 6.1) AppleWebKit/537.36 (KHTML, like Gecko) Chrome/49.0.2623.112 Safari/537.36"
135.125.246.110 - - [01/Nov/2023:12:46:22 +0000] "GET /.env HTTP/1.1" 502 568 "-" "Mozilla/5.0 (X11; Linux x86_64) AppleWebKit/537.36 (KHTML, like Gecko) Chrome/81.0.4044.129 Safari/537.36"
135.125.246.110 - - [01/Nov/2023:12:46:22 +0000] "POST / HTTP/1.1" 502 568 "-" "Mozilla/5.0 (X11; Linux x86_64) AppleWebKit/537.36 (KHTML, like Gecko) Chrome/81.0.4044.129 Safari/537.36"
94.156.66.33 - - [01/Nov/2023:12:59:03 +0000] "POST /boaform/admin/formLogin HTTP/1.1" 502 166 "http://3.68.85.218:80/admin/login.asp" "Mozilla/5.0 (X11; Ubuntu; Linux x86_64; rv:71.0) Gecko/20100101 Firefox/71.0"
94.156.66.33 - - [01/Nov/2023:12:59:03 +0000] "" 400 0 "-" "-"
95.158.32.112 - - [01/Nov/2023:13:26:41 +0000] "GET /194904995 HTTP/1.1" 502 166 "-" "-"
185.254.196.186 - - [01/Nov/2023:13:27:58 +0000] "GET /.env HTTP/1.1" 502 568 "-" "Mozilla/5.0 (X11; Linux x86_64) AppleWebKit/537.36 (KHTML, like Gecko) Chrome/81.0.4044.129 Safari/537.36"
185.254.196.186 - - [01/Nov/2023:13:27:58 +0000] "POST / HTTP/1.1" 502 568 "-" "Mozilla/5.0 (X11; Linux x86_64) AppleWebKit/537.36 (KHTML, like Gecko) Chrome/81.0.4044.129 Safari/537.36"
35.216.250.8 - - [01/Nov/2023:13:56:24 +0000] "\x16\x03\x01\x00\xEE\x01\x00\x00\xEA\x03\x03\xEE<mT\xA7\xA4s\x94m\xAA\xCF\x93\xA0\x8C7\x93\xA2\x8D\xDE\xB4\xB0]\xD6\xE9\xA2\x95\x87\xE4\x12\xDF\xC9% [#Wdb\xAC\xB7\xCBTic\x90H\xB1\xB4g\x00\xB5#\xA7\x10\xEA,5C\x19\xEA\x87e\xB0\xF2!\x00&\xC0+\xC0/\xC0,\xC00\xCC\xA9\xCC\xA8\xC0\x09\xC0\x13\xC0" 400 166 "-" "-"
35.216.250.8 - - [01/Nov/2023:13:56:24 +0000] "GET / HTTP/1.1" 400 166 "-" "-"
35.216.250.8 - - [01/Nov/2023:13:56:24 +0000] "GET / HTTP/1.1" 502 166 "-" "abuse.xmco.fr"
35.216.250.8 - - [01/Nov/2023:13:56:24 +0000] "GET /.git/config HTTP/1.1" 502 166 "-" "Mozilla/5.0 (Macintosh; Intel Mac OS X 10.15; rv:103.0) Gecko/20100101 Firefox/103.0 abuse.xmco.fr"
35.216.250.8 - - [01/Nov/2023:13:56:24 +0000] "GET /server-status HTTP/1.1" 502 166 "-" "Mozilla/5.0 (Macintosh; Intel Mac OS X 10.15; rv:103.0) Gecko/20100101 Firefox/103.0 abuse.xmco.fr"
35.216.250.8 - - [01/Nov/2023:13:56:24 +0000] "GET /config.json HTTP/1.1" 502 166 "-" "Mozilla/5.0 (Macintosh; Intel Mac OS X 10.15; rv:103.0) Gecko/20100101 Firefox/103.0 abuse.xmco.fr"
35.216.250.8 - - [01/Nov/2023:13:56:24 +0000] "GET /.env HTTP/1.1" 502 166 "-" "Mozilla/5.0 (Macintosh; Intel Mac OS X 10.15; rv:103.0) Gecko/20100101 Firefox/103.0 abuse.xmco.fr"
35.216.250.8 - - [01/Nov/2023:13:56:24 +0000] "GET /telescope/requests HTTP/1.1" 502 166 "-" "Mozilla/5.0 (Macintosh; Intel Mac OS X 10.15; rv:103.0) Gecko/20100101 Firefox/103.0 abuse.xmco.fr"
35.216.250.8 - - [01/Nov/2023:13:56:24 +0000] "GET /info.php HTTP/1.1" 502 166 "-" "Mozilla/5.0 (Macintosh; Intel Mac OS X 10.15; rv:103.0) Gecko/20100101 Firefox/103.0 abuse.xmco.fr"
45.141.122.237 - - [01/Nov/2023:14:00:34 +0000] "GET /.env HTTP/1.1" 502 166 "-" "python-requests/2.31.0"
18.223.113.110 - - [01/Nov/2023:14:02:00 +0000] "GET / HTTP/1.1" 502 568 "-" "Mozilla/5.0 (Windows NT 10.0; ARM; Lumia 950 Dual SIM) AppleWebKit/537.36 (KHTML, like Gecko) Chrome/51.0.2704.79 Safari/537.36 Edge/14.14393"
1.14.7.100 - - [01/Nov/2023:14:02:42 +0000] "HEAD /Core/Skin/Login.aspx HTTP/1.1" 502 0 "-" "Mozilla/5.0 (Windows NT 10.0; Win64; x64) AppleWebKit/537.36 (KHTML, like Gecko) Chrome/106.0.0.0 Safari/537.36"
18.223.113.110 - - [01/Nov/2023:14:07:42 +0000] "GET / HTTP/1.1" 502 568 "-" "Mozilla/5.0 (Linux; Android 8.0.0; SM-G930F) AppleWebKit/537.36 (KHTML, like Gecko) Chrome/76.0.3809.89 Mobile Safari/537.36"
135.125.246.110 - - [01/Nov/2023:14:21:32 +0000] "GET /.env HTTP/1.1" 502 568 "-" "Mozilla/5.0 (X11; Linux x86_64) AppleWebKit/537.36 (KHTML, like Gecko) Chrome/81.0.4044.129 Safari/537.36"
135.125.246.110 - - [01/Nov/2023:14:21:32 +0000] "POST / HTTP/1.1" 502 568 "-" "Mozilla/5.0 (X11; Linux x86_64) AppleWebKit/537.36 (KHTML, like Gecko) Chrome/81.0.4044.129 Safari/537.36"
179.43.163.130 - - [01/Nov/2023:14:42:18 +0000] "GET / HTTP/1.1" 502 166 "-" "Hello World/1.0"
45.95.168.217 - - [01/Nov/2023:16:11:20 +0000] "GET /.env HTTP/1.1" 502 568 "-" "Mozilla/5.0 (X11; Linux x86_64) AppleWebKit/537.36 (KHTML, like Gecko) Chrome/81.0.4044.129 Safari/537.36"
45.95.168.217 - - [01/Nov/2023:16:11:20 +0000] "POST / HTTP/1.1" 502 568 "-" "Mozilla/5.0 (X11; Linux x86_64) AppleWebKit/537.36 (KHTML, like Gecko) Chrome/81.0.4044.129 Safari/537.36"
60.17.118.131 - - [01/Nov/2023:16:14:40 +0000] "GET / HTTP/1.0" 502 166 "-" "-"
112.193.161.21 - - [01/Nov/2023:16:14:49 +0000] "GET / HTTP/1.1" 502 568 "-" "Mozilla/5.0 (Windows NT 6.1) AppleWebKit/537.36 (KHTML, like Gecko) Chrome/49.0.2623.112 Safari/537.36"
1.14.7.100 - - [01/Nov/2023:16:24:44 +0000] "HEAD /Core/Skin/Login.aspx HTTP/1.1" 502 0 "-" "Mozilla/5.0 (Windows NT 10.0; Win64; x64) AppleWebKit/537.36 (KHTML, like Gecko) Chrome/106.0.0.0 Safari/537.36"
135.125.246.110 - - [01/Nov/2023:16:30:42 +0000] "GET /.env HTTP/1.1" 502 568 "-" "Mozilla/5.0 (X11; Linux x86_64) AppleWebKit/537.36 (KHTML, like Gecko) Chrome/81.0.4044.129 Safari/537.36"
135.125.246.110 - - [01/Nov/2023:16:30:42 +0000] "POST / HTTP/1.1" 502 568 "-" "Mozilla/5.0 (X11; Linux x86_64) AppleWebKit/537.36 (KHTML, like Gecko) Chrome/81.0.4044.129 Safari/537.36"
45.140.17.16 - - [01/Nov/2023:17:01:22 +0000] "\x03\x00\x00/*\xE0\x00\x00\x00\x00\x00Cookie: mstshash=Administr" 400 166 "-" "-"
34.231.243.61 - - [01/Nov/2023:17:01:32 +0000] "GET /.git/HEAD HTTP/1.1" 502 166 "-" "Python-urllib/3.10"
34.67.136.168 - - [01/Nov/2023:17:17:07 +0000] "GET / HTTP/1.1" 502 166 "-" "Mozilla/5.0 (compatible; tchelebi/1.0; +http://tchelebi.io)"
185.254.196.186 - - [01/Nov/2023:17:40:04 +0000] "GET /.env HTTP/1.1" 502 568 "-" "Mozilla/5.0 (X11; Linux x86_64) AppleWebKit/537.36 (KHTML, like Gecko) Chrome/81.0.4044.129 Safari/537.36"
185.254.196.186 - - [01/Nov/2023:17:40:04 +0000] "POST / HTTP/1.1" 502 568 "-" "Mozilla/5.0 (X11; Linux x86_64) AppleWebKit/537.36 (KHTML, like Gecko) Chrome/81.0.4044.129 Safari/537.36"
94.156.66.33 - - [01/Nov/2023:17:41:25 +0000] "POST /boaform/admin/formLogin HTTP/1.1" 502 166 "http://3.68.85.218:80/admin/login.asp" "Mozilla/5.0 (X11; Ubuntu; Linux x86_64; rv:71.0) Gecko/20100101 Firefox/71.0"
94.156.66.33 - - [01/Nov/2023:17:41:25 +0000] "" 400 0 "-" "-"
135.125.246.110 - - [01/Nov/2023:18:12:52 +0000] "GET /.env HTTP/1.1" 502 568 "-" "Mozilla/5.0 (X11; Linux x86_64) AppleWebKit/537.36 (KHTML, like Gecko) Chrome/81.0.4044.129 Safari/537.36"
135.125.246.110 - - [01/Nov/2023:18:12:52 +0000] "POST / HTTP/1.1" 502 568 "-" "Mozilla/5.0 (X11; Linux x86_64) AppleWebKit/537.36 (KHTML, like Gecko) Chrome/81.0.4044.129 Safari/537.36"
94.156.69.61 - - [01/Nov/2023:18:22:07 +0000] "GET /.env HTTP/1.1" 502 166 "-" "Mozilla/5.0 (Linux; U; Android 4.4.2; en-US; HM NOTE 1W Build/KOT49H) AppleWebKit/534.30 (KHTML, like Gecko) Version/4.0 UCBrowser/11.0.5.850 U3/0.8.0 Mobile Safari/534.30"
94.156.69.61 - - [01/Nov/2023:18:22:07 +0000] "POST / HTTP/1.1" 502 166 "-" "Mozilla/5.0 (Linux; U; Android 4.4.2; en-US; HM NOTE 1W Build/KOT49H) AppleWebKit/534.30 (KHTML, like Gecko) Version/4.0 UCBrowser/11.0.5.850 U3/0.8.0 Mobile Safari/534.30"
1.14.7.100 - - [01/Nov/2023:18:25:23 +0000] "HEAD /Core/Skin/Login.aspx HTTP/1.1" 502 0 "-" "Mozilla/5.0 (Windows NT 10.0; Win64; x64) AppleWebKit/537.36 (KHTML, like Gecko) Chrome/106.0.0.0 Safari/537.36"
94.156.69.61 - - [01/Nov/2023:19:08:05 +0000] "GET / HTTP/1.1" 502 166 "-" "Mozilla/5.0 (Linux; U; Android 4.4.2; en-US; HM NOTE 1W Build/KOT49H) AppleWebKit/534.30 (KHTML, like Gecko) Version/4.0 UCBrowser/11.0.5.850 U3/0.8.0 Mobile Safari/534.30"
135.125.246.110 - - [01/Nov/2023:19:20:23 +0000] "GET /.env HTTP/1.1" 502 568 "-" "Mozilla/5.0 (X11; Linux x86_64) AppleWebKit/537.36 (KHTML, like Gecko) Chrome/81.0.4044.129 Safari/537.36"
135.125.246.110 - - [01/Nov/2023:19:20:23 +0000] "POST / HTTP/1.1" 502 568 "-" "Mozilla/5.0 (X11; Linux x86_64) AppleWebKit/537.36 (KHTML, like Gecko) Chrome/81.0.4044.129 Safari/537.36"
130.211.54.158 - - [01/Nov/2023:19:59:36 +0000] "GET / HTTP/1.1" 502 166 "-" "python-requests/2.31.0"
1.14.7.100 - - [01/Nov/2023:20:14:16 +0000] "HEAD /Core/Skin/Login.aspx HTTP/1.1" 502 0 "-" "Mozilla/5.0 (Windows NT 10.0; Win64; x64) AppleWebKit/537.36 (KHTML, like Gecko) Chrome/106.0.0.0 Safari/537.36"
45.155.126.211 - - [01/Nov/2023:21:32:42 +0000] "GET / HTTP/1.1" 502 166 "-" "Mozilla/5.0 (compatible; tchelebi/1.0; +http://tchelebi.io)"
198.235.24.164 - - [01/Nov/2023:21:41:18 +0000] "GET / HTTP/1.0" 502 166 "-" "Expanse, a Palo Alto Networks company, searches across the global IPv4 space multiple times per day to identify customers&#39; presences on the Internet. If you would like to be excluded from our scans, please send IP addresses/domains to: scaninfo@paloaltonetworks.com"
192.155.90.220 - - [01/Nov/2023:21:49:31 +0000] "\x16\x03\x01\x00\x85\x01\x00\x00\x81\x03\x03\xCA\xF0B\xD9c\x03f\xFB\xA4\xA5\x85\x1A&\x90R\x80\x98\x84|G?r\xDBI\xE2l8>\xA9\x95\x0C\xF7\x00\x00 \xC0/\xC00\xC0+\xC0,\xCC\xA8\xCC\xA9\xC0\x13\xC0\x09\xC0\x14\xC0" 400 166 "-" "-"
1.14.7.100 - - [01/Nov/2023:22:02:36 +0000] "HEAD /Core/Skin/Login.aspx HTTP/1.1" 502 0 "-" "Mozilla/5.0 (Windows NT 10.0; Win64; x64) AppleWebKit/537.36 (KHTML, like Gecko) Chrome/106.0.0.0 Safari/537.36"
135.125.246.110 - - [01/Nov/2023:22:20:36 +0000] "GET /.env HTTP/1.1" 502 568 "-" "Mozilla/5.0 (X11; Linux x86_64) AppleWebKit/537.36 (KHTML, like Gecko) Chrome/81.0.4044.129 Safari/537.36"
135.125.246.110 - - [01/Nov/2023:22:20:36 +0000] "POST / HTTP/1.1" 502 568 "-" "Mozilla/5.0 (X11; Linux x86_64) AppleWebKit/537.36 (KHTML, like Gecko) Chrome/81.0.4044.129 Safari/537.36"
185.254.196.173 - - [01/Nov/2023:22:35:56 +0000] "GET /.env HTTP/1.1" 502 568 "-" "Mozilla/5.0 (X11; Linux x86_64) AppleWebKit/537.36 (KHTML, like Gecko) Chrome/81.0.4044.129 Safari/537.36"
185.254.196.173 - - [01/Nov/2023:22:35:57 +0000] "POST / HTTP/1.1" 502 568 "-" "Mozilla/5.0 (X11; Linux x86_64) AppleWebKit/537.36 (KHTML, like Gecko) Chrome/81.0.4044.129 Safari/537.36"
135.125.246.110 - - [01/Nov/2023:23:01:30 +0000] "GET /.env HTTP/1.1" 502 568 "-" "Mozilla/5.0 (X11; Linux x86_64) AppleWebKit/537.36 (KHTML, like Gecko) Chrome/81.0.4044.129 Safari/537.36"
135.125.246.110 - - [01/Nov/2023:23:01:30 +0000] "POST / HTTP/1.1" 502 568 "-" "Mozilla/5.0 (X11; Linux x86_64) AppleWebKit/537.36 (KHTML, like Gecko) Chrome/81.0.4044.129 Safari/537.36"
157.230.220.17 - - [01/Nov/2023:23:32:44 +0000] "POST /wsman HTTP/1.1" 502 568 "-" "Mozilla/5.0 (Macintosh; Intel Mac OS X 10_15_7) AppleWebKit/537.36 (KHTML, like Gecko) Chrome/92.0.4515.159 Safari/537.36"
206.189.224.204 - - [01/Nov/2023:23:32:44 +0000] "GET / HTTP/1.1" 502 568 "-" "Mozilla/5.0 (Macintosh; Intel Mac OS X 10_15_7) AppleWebKit/537.36 (KHTML, like Gecko) Chrome/92.0.4515.159 Safari/537.36"
45.79.105.89 - - [01/Nov/2023:23:32:46 +0000] "GET / HTTP/1.1" 502 568 "-" "Mozilla/5.0 (Macintosh; Intel Mac OS X 10_15_7) AppleWebKit/537.36 (KHTML, like Gecko) Chrome/92.0.4515.159 Safari/537.36"
45.79.105.89 - - [01/Nov/2023:23:32:46 +0000] "GET /auth.html HTTP/1.1" 502 568 "-" "Mozilla/5.0 (Macintosh; Intel Mac OS X 10_15_7) AppleWebKit/537.36 (KHTML, like Gecko) Chrome/92.0.4515.159 Safari/537.36"
45.79.105.89 - - [01/Nov/2023:23:32:46 +0000] "GET /auth1.html HTTP/1.1" 502 568 "-" "Mozilla/5.0 (Macintosh; Intel Mac OS X 10_15_7) AppleWebKit/537.36 (KHTML, like Gecko) Chrome/92.0.4515.159 Safari/537.36"
45.79.105.89 - - [01/Nov/2023:23:32:46 +0000] "GET /sslvpnLogin.html HTTP/1.1" 502 568 "-" "Mozilla/5.0 (Macintosh; Intel Mac OS X 10_15_7) AppleWebKit/537.36 (KHTML, like Gecko) Chrome/92.0.4515.159 Safari/537.36"
45.79.105.89 - - [01/Nov/2023:23:32:46 +0000] "GET /api/sonicos/auth HTTP/1.1" 502 568 "-" "Mozilla/5.0 (Macintosh; Intel Mac OS X 10_15_7) AppleWebKit/537.36 (KHTML, like Gecko) Chrome/92.0.4515.159 Safari/537.36"
45.79.105.89 - - [01/Nov/2023:23:32:46 +0000] "GET /api/sonicos/tfa HTTP/1.1" 502 568 "-" "Mozilla/5.0 (Macintosh; Intel Mac OS X 10_15_7) AppleWebKit/537.36 (KHTML, like Gecko) Chrome/92.0.4515.159 Safari/537.36"
159.89.159.162 - - [01/Nov/2023:23:32:54 +0000] "HEAD / HTTP/1.1" 502 0 "-" "Mozilla/5.0 (Windows NT 10.0; Win64; x64) AppleWebKit/537.36 (KHTML, like Gecko) Chrome/83.0.4103.61 Safari/537.36"
159.89.159.162 - - [01/Nov/2023:23:33:20 +0000] "GET / HTTP/1.1" 502 568 "-" "Mozilla/5.0 (Windows NT 10.0; Win64; x64) AppleWebKit/537.36 (KHTML, like Gecko) Chrome/83.0.4103.61 Safari/537.36"
159.89.159.162 - - [01/Nov/2023:23:36:26 +0000] "GET / HTTP/1.1" 502 568 "-" "Mozilla/5.0 (Windows NT 10.0; Win64; x64) AppleWebKit/537.36 (KHTML, like Gecko) Chrome/83.0.4103.61 Safari/537.36"
159.89.159.162 - - [01/Nov/2023:23:36:26 +0000] "GET /favicon.ico HTTP/1.1" 502 568 "-" "Mozilla/5.0 (Windows NT 10.0; Win64; x64) AppleWebKit/537.36 (KHTML, like Gecko) Chrome/83.0.4103.61 Safari/537.36"
139.177.203.150 - - [01/Nov/2023:23:41:22 +0000] "GET / HTTP/1.0" 502 166 "-" "-"
96.126.115.240 - - [01/Nov/2023:23:41:41 +0000] "GET / HTTP/1.0" 502 166 "-" "-"
96.126.115.240 - - [01/Nov/2023:23:41:41 +0000] "lv|'|'|VHJvamFuX0M0NkY2RTk=|'|'|MARK|'|'|user|'|'|2013-11-22|'|'||'|'|Win XP|'|'|No|'|'|0.6.4|'|'|..|'|'||'|'|[endof]" 400 166 "-" "-"
96.126.115.240 - - [01/Nov/2023:23:41:41 +0000] "Gh0st\xAD\x00\x00\x00\xE0\x00\x00\x00x\x9CKS``\x98\xC3\xC0\xC0\xC0\x06\xC4\x8C@\xBCQ\x96\x81\x81\x09H\x07\xA7\x16\x95e&\xA7*\x04$&g+\x182\x94\xF6\xB000\xAC\xA8rc\x00\x01\x11\xA0\x82\x1F\x5C`&\x83\xC7K7\x86\x19\xE5n\x0C9\x95n\x0C;\x84\x0F3\xAC\xE8sch\xA8^\xCF4'J\x97\xA9\x82\xE30\xC3\x91h]&\x90\xF8\xCE\x97S\xCBA4L?2=\xE1\xC4\x92\x86\x0B@\xF5`\x0CT\x1F\xAE\xAF]" 400 166 "-" "-"
96.126.115.240 - - [01/Nov/2023:23:41:42 +0000] "145.ll|'|'|SGFjS2VkX0Q0OTkwNjI3|'|'|WIN-JNAPIER0859|'|'|JNapier|'|'|19-02-01|'|'||'|'|Win 7 Professional SP1 x64|'|'|No|'|'|0.7d|'|'|..|'|'|AA==|'|'|112.inf|'|'|SGFjS2VkDQoxOTIuMTY4LjkyLjIyMjo1NTUyDQpEZXNrdG9wDQpjbGllbnRhLmV4ZQ0KRmFsc2UNCkZhbHNlDQpUcnVlDQpGYWxzZQ==12.act|'|'|AA==" 400 166 "-" "-"
96.126.115.240 - - [01/Nov/2023:23:41:42 +0000] "H\x00\x00\x00tj\xA8\x9E#D\x98+\xCA\xF0\xA7\xBBl\xC5\x19\xD7\x8D\xB6\x18\xEDJ\x1En\xC1\xF9xu[l\xF0E\x1D-j\xEC\xD4xL\xC9r\xC9\x15\x10u\xE0%\x86Rtg\x05fv\x86]%\xCC\x80\x0C\xE8\xCF\xAE\x00\xB5\xC0f\xC8\x8DD\xC5\x09\xF4" 400 166 "-" "-"
96.126.115.240 - - [01/Nov/2023:23:41:42 +0000] "HELP" 400 166 "-" "-"
96.126.115.240 - - [01/Nov/2023:23:41:42 +0000] "\x1B\x84\xD5\xB0]\xF4\xC4\x93\xC50\xC2X\x8C\xDA\xB1\xD7\xAC\xAFn\x1D\xE1\x1E\x1A3*\x85\xB7\x1D'\xB1\xC9k\xBF\xF0\xBC" 400 166 "-" "-"
96.126.115.240 - - [01/Nov/2023:23:41:43 +0000] "batman" 400 166 "-" "-"
96.126.115.240 - - [01/Nov/2023:23:41:43 +0000] "\x16\x03\x01\x00t\x01\x00\x00p\x03\x01YF}\xF6\x7F3\xD3\xA2'O\xAE\xB6\x041p\x87F\xE5\xA6\xA2\x18\xD1\x0B}\x0C\x9FO)u\xFE\xB1\xD9\x00\x00\x18\xC0\x14\xC0\x13\x005\x00/\xC0" 400 166 "-" "-"
96.126.115.240 - - [01/Nov/2023:23:41:43 +0000] "\x01\x82\x00\x00\x00\x01,\xEF:\xE7\x89\xFEH\xAF\xAC\xF8\xC1Pq\xD7\xC3\xE8S\x8A\xD6:\x17\xD93\x14o)S}\xBB\xBB\x97b\xCE\xB6\x0B\x9B\xB97>\x01\xCFv\xAE\xA0E\xB6D\xEA\xE1\xEAA\xC4\xDB\xEE\x09\xAC\xFB\xF0\x84)k\xBBc\x18]V\x85V\xC5_\x05T\x0Bt\xC4\x0B\xBE\xB5w\xBCM=[1\xE1\x06\x9C\xFD\xD3g^\xE3\x01\x9BK\xD7\xFC>\xFFk\xAF\x95\x99\xFB\xDBH\x90\x8BD\x88`k\x92\xF5e\x1C\xAA\xBB{_LP\x15\x85\x1E\x0E\x8F\xDD\xC5J" 400 166 "-" "-"
96.126.115.240 - - [01/Nov/2023:23:41:43 +0000] "\xBD\xFF\x9E\xFFE\xFF\x9E\xFF\xBD\xFF\x9E\xFF\xA4\xFF\x86\xFF\xC4\xFF\xBE\xFF\xC7\xFF\xDB\xFF\xEE\xFFx\x5Cd9\xFF\xED\xFF\xA4\xFF\x9D\xFF\xCF\xFF\xD8\xFF\xE5\xFF\x04\xFF\x12\xFF0\xFF\xB1\xFF\xBD\xFF\xE7\xFF\xE2\xFF\xDD\xFF\xDC\xFF\xDE\xFF\xC8\xFF\xCC\xFF\xBE\xFF\xF8\xFF&\xFF\x01\xFF\x0F\xFF\xF5\xFF\x06\xFF\xFF\xFF\xF7\xFF!\xFF\xDE\xFF\x02\xFF&\xFF\x0C\xFF\x01\xFF\xF5\xFF" 400 166 "-" "-"
96.126.115.240 - - [01/Nov/2023:23:41:43 +0000] "A\x00\x00\x00\x03fH\xBBd~\x8E\xFC\x94g\xD2\xDB\xFC\xEE\x8D\xFF\x98 \xB1\xBET\xA4\x9AZ\x9A\xA0?\x90\xE0\xF2t0\x5C\xED\xAE\xACX\x98\xDEJ\xEC\xF2\xC8\x9Cl\xD0\x9C\xC0\xE0\x98\x12\x8F\xE7\xCB\x8F\xA1\xA3\x16\xF1J\xA9<\xBD\xDA`" 400 166 "-" "-"
96.126.115.240 - - [01/Nov/2023:23:41:44 +0000] "\x09\x12;Bo3\xA2D\xFD\x01\x86si=\xAE\x12\xBB\xC6\x19\xFD\x1A:\xF3\x11\xC9\xAE\xDA<0\xBC8\x81\x9E\x00\x0F\xCAN\xFB\x05\xC6\xDE\xB7<oN\x01\xA2\x87\x82\xF5/\x8E\xED*\x1F\x0E\xB7C\x0C\xA04]\xBD\x80PVf\x1A\x11\xAF\xF5\xC8\xA3\x16+b\xB1\xD7" 400 166 "-" "-"
1.14.7.100 - - [01/Nov/2023:23:56:54 +0000] "HEAD /Core/Skin/Login.aspx HTTP/1.1" 502 0 "-" "Mozilla/5.0 (Windows NT 10.0; Win64; x64) AppleWebKit/537.36 (KHTML, like Gecko) Chrome/106.0.0.0 Safari/537.36"
185.240.188.38 - - [02/Nov/2023:00:00:18 +0000] "GET / HTTP/1.0" 502 166 "-" "-"
157.230.248.51 - - [02/Nov/2023:00:04:48 +0000] "GET /?pp=env HTTP/1.1" 502 568 "-" "Mozlila/5.0 (Linux; Android 7.0; SM-G892A Bulid/NRD90M; wv) AppleWebKit/537.36 (KHTML, like Gecko) Version/4.0 Chrome/60.0.3112.107 Moblie Safari/537.36"
157.230.248.51 - - [02/Nov/2023:00:04:49 +0000] "GET /.aws/credentials HTTP/1.1" 502 568 "-" "Mozlila/5.0 (Linux; Android 7.0; SM-G892A Bulid/NRD90M; wv) AppleWebKit/537.36 (KHTML, like Gecko) Version/4.0 Chrome/60.0.3112.107 Moblie Safari/537.36"
157.230.248.51 - - [02/Nov/2023:00:04:50 +0000] "GET /.env HTTP/1.1" 502 568 "-" "Mozlila/5.0 (Linux; Android 7.0; SM-G892A Bulid/NRD90M; wv) AppleWebKit/537.36 (KHTML, like Gecko) Version/4.0 Chrome/60.0.3112.107 Moblie Safari/537.36"
157.230.248.51 - - [02/Nov/2023:00:04:52 +0000] "GET /.env~ HTTP/1.1" 502 568 "-" "Mozlila/5.0 (Linux; Android 7.0; SM-G892A Bulid/NRD90M; wv) AppleWebKit/537.36 (KHTML, like Gecko) Version/4.0 Chrome/60.0.3112.107 Moblie Safari/537.36"
157.230.248.51 - - [02/Nov/2023:00:04:53 +0000] "GET /.env.backup HTTP/1.1" 502 568 "-" "Mozlila/5.0 (Linux; Android 7.0; SM-G892A Bulid/NRD90M; wv) AppleWebKit/537.36 (KHTML, like Gecko) Version/4.0 Chrome/60.0.3112.107 Moblie Safari/537.36"
157.230.248.51 - - [02/Nov/2023:00:04:54 +0000] "GET /.env.bak HTTP/1.1" 502 568 "-" "Mozlila/5.0 (Linux; Android 7.0; SM-G892A Bulid/NRD90M; wv) AppleWebKit/537.36 (KHTML, like Gecko) Version/4.0 Chrome/60.0.3112.107 Moblie Safari/537.36"
157.230.248.51 - - [02/Nov/2023:00:04:55 +0000] "GET /.env.dev HTTP/1.1" 502 568 "-" "Mozlila/5.0 (Linux; Android 7.0; SM-G892A Bulid/NRD90M; wv) AppleWebKit/537.36 (KHTML, like Gecko) Version/4.0 Chrome/60.0.3112.107 Moblie Safari/537.36"
157.230.248.51 - - [02/Nov/2023:00:04:55 +0000] "GET /.env.development.local HTTP/1.1" 502 568 "-" "Mozlila/5.0 (Linux; Android 7.0; SM-G892A Bulid/NRD90M; wv) AppleWebKit/537.36 (KHTML, like Gecko) Version/4.0 Chrome/60.0.3112.107 Moblie Safari/537.36"
157.230.248.51 - - [02/Nov/2023:00:04:56 +0000] "GET /.env.dev.local HTTP/1.1" 502 568 "-" "Mozlila/5.0 (Linux; Android 7.0; SM-G892A Bulid/NRD90M; wv) AppleWebKit/537.36 (KHTML, like Gecko) Version/4.0 Chrome/60.0.3112.107 Moblie Safari/537.36"
157.230.248.51 - - [02/Nov/2023:00:04:58 +0000] "GET /.env.docker.dev HTTP/1.1" 502 568 "-" "Mozlila/5.0 (Linux; Android 7.0; SM-G892A Bulid/NRD90M; wv) AppleWebKit/537.36 (KHTML, like Gecko) Version/4.0 Chrome/60.0.3112.107 Moblie Safari/537.36"
157.230.248.51 - - [02/Nov/2023:00:05:00 +0000] "GET /.env.live HTTP/1.1" 502 568 "-" "Mozlila/5.0 (Linux; Android 7.0; SM-G892A Bulid/NRD90M; wv) AppleWebKit/537.36 (KHTML, like Gecko) Version/4.0 Chrome/60.0.3112.107 Moblie Safari/537.36"
157.230.248.51 - - [02/Nov/2023:00:05:00 +0000] "GET /.env.local HTTP/1.1" 502 568 "-" "Mozlila/5.0 (Linux; Android 7.0; SM-G892A Bulid/NRD90M; wv) AppleWebKit/537.36 (KHTML, like Gecko) Version/4.0 Chrome/60.0.3112.107 Moblie Safari/537.36"
157.230.248.51 - - [02/Nov/2023:00:05:01 +0000] "GET /.env.php HTTP/1.1" 502 568 "-" "Mozlila/5.0 (Linux; Android 7.0; SM-G892A Bulid/NRD90M; wv) AppleWebKit/537.36 (KHTML, like Gecko) Version/4.0 Chrome/60.0.3112.107 Moblie Safari/537.36"
157.230.248.51 - - [02/Nov/2023:00:05:01 +0000] "GET /.env.stage.local HTTP/1.1" 502 568 "-" "Mozlila/5.0 (Linux; Android 7.0; SM-G892A Bulid/NRD90M; wv) AppleWebKit/537.36 (KHTML, like Gecko) Version/4.0 Chrome/60.0.3112.107 Moblie Safari/537.36"
157.230.248.51 - - [02/Nov/2023:00:05:03 +0000] "GET /.env.prod HTTP/1.1" 502 568 "-" "Mozlila/5.0 (Linux; Android 7.0; SM-G892A Bulid/NRD90M; wv) AppleWebKit/537.36 (KHTML, like Gecko) Version/4.0 Chrome/60.0.3112.107 Moblie Safari/537.36"
157.230.248.51 - - [02/Nov/2023:00:05:04 +0000] "GET /1board/.env HTTP/1.1" 502 568 "-" "Mozlila/5.0 (Linux; Android 7.0; SM-G892A Bulid/NRD90M; wv) AppleWebKit/537.36 (KHTML, like Gecko) Version/4.0 Chrome/60.0.3112.107 Moblie Safari/537.36"
157.230.248.51 - - [02/Nov/2023:00:05:05 +0000] "GET /info.php HTTP/1.1" 502 568 "-" "Mozlila/5.0 (Linux; Android 7.0; SM-G892A Bulid/NRD90M; wv) AppleWebKit/537.36 (KHTML, like Gecko) Version/4.0 Chrome/60.0.3112.107 Moblie Safari/537.36"
157.230.248.51 - - [02/Nov/2023:00:05:06 +0000] "GET /inf.php HTTP/1.1" 502 568 "-" "Mozlila/5.0 (Linux; Android 7.0; SM-G892A Bulid/NRD90M; wv) AppleWebKit/537.36 (KHTML, like Gecko) Version/4.0 Chrome/60.0.3112.107 Moblie Safari/537.36"
157.230.248.51 - - [02/Nov/2023:00:05:07 +0000] "GET /ingfo.php HTTP/1.1" 502 568 "-" "Mozlila/5.0 (Linux; Android 7.0; SM-G892A Bulid/NRD90M; wv) AppleWebKit/537.36 (KHTML, like Gecko) Version/4.0 Chrome/60.0.3112.107 Moblie Safari/537.36"
157.230.248.51 - - [02/Nov/2023:00:05:08 +0000] "GET /in.php HTTP/1.1" 502 568 "-" "Mozlila/5.0 (Linux; Android 7.0; SM-G892A Bulid/NRD90M; wv) AppleWebKit/537.36 (KHTML, like Gecko) Version/4.0 Chrome/60.0.3112.107 Moblie Safari/537.36"
157.230.248.51 - - [02/Nov/2023:00:05:09 +0000] "GET /inpo.php HTTP/1.1" 502 568 "-" "Mozlila/5.0 (Linux; Android 7.0; SM-G892A Bulid/NRD90M; wv) AppleWebKit/537.36 (KHTML, like Gecko) Version/4.0 Chrome/60.0.3112.107 Moblie Safari/537.36"
157.230.248.51 - - [02/Nov/2023:00:05:10 +0000] "GET /install/.env HTTP/1.1" 502 568 "-" "Mozlila/5.0 (Linux; Android 7.0; SM-G892A Bulid/NRD90M; wv) AppleWebKit/537.36 (KHTML, like Gecko) Version/4.0 Chrome/60.0.3112.107 Moblie Safari/537.36"
157.230.248.51 - - [02/Nov/2023:00:05:11 +0000] "GET /i.php HTTP/1.1" 502 568 "-" "Mozlila/5.0 (Linux; Android 7.0; SM-G892A Bulid/NRD90M; wv) AppleWebKit/537.36 (KHTML, like Gecko) Version/4.0 Chrome/60.0.3112.107 Moblie Safari/537.36"
157.230.248.51 - - [02/Nov/2023:00:05:12 +0000] "GET /admincontrol/sys_phpinfo.php HTTP/1.1" 502 568 "-" "Mozlila/5.0 (Linux; Android 7.0; SM-G892A Bulid/NRD90M; wv) AppleWebKit/537.36 (KHTML, like Gecko) Version/4.0 Chrome/60.0.3112.107 Moblie Safari/537.36"
157.230.248.51 - - [02/Nov/2023:00:05:12 +0000] "GET /admin/.env HTTP/1.1" 502 568 "-" "Mozlila/5.0 (Linux; Android 7.0; SM-G892A Bulid/NRD90M; wv) AppleWebKit/537.36 (KHTML, like Gecko) Version/4.0 Chrome/60.0.3112.107 Moblie Safari/537.36"
157.230.248.51 - - [02/Nov/2023:00:05:13 +0000] "GET /admin/phpinfo.php HTTP/1.1" 502 568 "-" "Mozlila/5.0 (Linux; Android 7.0; SM-G892A Bulid/NRD90M; wv) AppleWebKit/537.36 (KHTML, like Gecko) Version/4.0 Chrome/60.0.3112.107 Moblie Safari/537.36"
157.230.248.51 - - [02/Nov/2023:00:05:14 +0000] "GET /admin_phpinfo.php HTTP/1.1" 502 568 "-" "Mozlila/5.0 (Linux; Android 7.0; SM-G892A Bulid/NRD90M; wv) AppleWebKit/537.36 (KHTML, like Gecko) Version/4.0 Chrome/60.0.3112.107 Moblie Safari/537.36"
157.230.248.51 - - [02/Nov/2023:00:05:14 +0000] "GET /admin/server_info.php HTTP/1.1" 502 568 "-" "Mozlila/5.0 (Linux; Android 7.0; SM-G892A Bulid/NRD90M; wv) AppleWebKit/537.36 (KHTML, like Gecko) Version/4.0 Chrome/60.0.3112.107 Moblie Safari/537.36"
157.230.248.51 - - [02/Nov/2023:00:05:15 +0000] "GET /admin/sys_phpinfo.php HTTP/1.1" 502 568 "-" "Mozlila/5.0 (Linux; Android 7.0; SM-G892A Bulid/NRD90M; wv) AppleWebKit/537.36 (KHTML, like Gecko) Version/4.0 Chrome/60.0.3112.107 Moblie Safari/537.36"
157.230.248.51 - - [02/Nov/2023:00:05:16 +0000] "GET /api1/.env HTTP/1.1" 502 568 "-" "Mozlila/5.0 (Linux; Android 7.0; SM-G892A Bulid/NRD90M; wv) AppleWebKit/537.36 (KHTML, like Gecko) Version/4.0 Chrome/60.0.3112.107 Moblie Safari/537.36"
157.230.248.51 - - [02/Nov/2023:00:05:16 +0000] "GET /api2/.env HTTP/1.1" 502 568 "-" "Mozlila/5.0 (Linux; Android 7.0; SM-G892A Bulid/NRD90M; wv) AppleWebKit/537.36 (KHTML, like Gecko) Version/4.0 Chrome/60.0.3112.107 Moblie Safari/537.36"
157.230.248.51 - - [02/Nov/2023:00:05:17 +0000] "GET /api3/.env HTTP/1.1" 502 568 "-" "Mozlila/5.0 (Linux; Android 7.0; SM-G892A Bulid/NRD90M; wv) AppleWebKit/537.36 (KHTML, like Gecko) Version/4.0 Chrome/60.0.3112.107 Moblie Safari/537.36"
157.230.248.51 - - [02/Nov/2023:00:05:18 +0000] "GET /api4/.env HTTP/1.1" 502 568 "-" "Mozlila/5.0 (Linux; Android 7.0; SM-G892A Bulid/NRD90M; wv) AppleWebKit/537.36 (KHTML, like Gecko) Version/4.0 Chrome/60.0.3112.107 Moblie Safari/537.36"
157.230.248.51 - - [02/Nov/2023:00:05:20 +0000] "GET /api5/.env HTTP/1.1" 502 568 "-" "Mozlila/5.0 (Linux; Android 7.0; SM-G892A Bulid/NRD90M; wv) AppleWebKit/537.36 (KHTML, like Gecko) Version/4.0 Chrome/60.0.3112.107 Moblie Safari/537.36"
157.230.248.51 - - [02/Nov/2023:00:05:20 +0000] "GET /api/aws/index.js HTTP/1.1" 502 568 "-" "Mozlila/5.0 (Linux; Android 7.0; SM-G892A Bulid/NRD90M; wv) AppleWebKit/537.36 (KHTML, like Gecko) Version/4.0 Chrome/60.0.3112.107 Moblie Safari/537.36"
157.230.248.51 - - [02/Nov/2023:00:05:21 +0000] "GET /api/config.env HTTP/1.1" 502 568 "-" "Mozlila/5.0 (Linux; Android 7.0; SM-G892A Bulid/NRD90M; wv) AppleWebKit/537.36 (KHTML, like Gecko) Version/4.0 Chrome/60.0.3112.107 Moblie Safari/537.36"
157.230.248.51 - - [02/Nov/2023:00:05:22 +0000] "GET /api/.env HTTP/1.1" 502 568 "-" "Mozlila/5.0 (Linux; Android 7.0; SM-G892A Bulid/NRD90M; wv) AppleWebKit/537.36 (KHTML, like Gecko) Version/4.0 Chrome/60.0.3112.107 Moblie Safari/537.36"
157.230.248.51 - - [02/Nov/2023:00:05:23 +0000] "GET /api/shared/.env HTTP/1.1" 502 568 "-" "Mozlila/5.0 (Linux; Android 7.0; SM-G892A Bulid/NRD90M; wv) AppleWebKit/537.36 (KHTML, like Gecko) Version/4.0 Chrome/60.0.3112.107 Moblie Safari/537.36"
157.230.248.51 - - [02/Nov/2023:00:05:23 +0000] "GET /api/src/.env HTTP/1.1" 502 568 "-" "Mozlila/5.0 (Linux; Android 7.0; SM-G892A Bulid/NRD90M; wv) AppleWebKit/537.36 (KHTML, like Gecko) Version/4.0 Chrome/60.0.3112.107 Moblie Safari/537.36"
157.230.248.51 - - [02/Nov/2023:00:05:24 +0000] "GET /app/config/db.config.js HTTP/1.1" 502 568 "-" "Mozlila/5.0 (Linux; Android 7.0; SM-G892A Bulid/NRD90M; wv) AppleWebKit/537.36 (KHTML, like Gecko) Version/4.0 Chrome/60.0.3112.107 Moblie Safari/537.36"
157.230.248.51 - - [02/Nov/2023:00:05:24 +0000] "GET /app/config/dev/.env HTTP/1.1" 502 568 "-" "Mozlila/5.0 (Linux; Android 7.0; SM-G892A Bulid/NRD90M; wv) AppleWebKit/537.36 (KHTML, like Gecko) Version/4.0 Chrome/60.0.3112.107 Moblie Safari/537.36"
157.230.248.51 - - [02/Nov/2023:00:05:25 +0000] "GET /app/config/.env HTTP/1.1" 502 568 "-" "Mozlila/5.0 (Linux; Android 7.0; SM-G892A Bulid/NRD90M; wv) AppleWebKit/537.36 (KHTML, like Gecko) Version/4.0 Chrome/60.0.3112.107 Moblie Safari/537.36"
157.230.248.51 - - [02/Nov/2023:00:05:26 +0000] "GET /app_dir/.env HTTP/1.1" 502 568 "-" "Mozlila/5.0 (Linux; Android 7.0; SM-G892A Bulid/NRD90M; wv) AppleWebKit/537.36 (KHTML, like Gecko) Version/4.0 Chrome/60.0.3112.107 Moblie Safari/537.36"
157.230.248.51 - - [02/Nov/2023:00:05:28 +0000] "GET /app/.env HTTP/1.1" 502 568 "-" "Mozlila/5.0 (Linux; Android 7.0; SM-G892A Bulid/NRD90M; wv) AppleWebKit/537.36 (KHTML, like Gecko) Version/4.0 Chrome/60.0.3112.107 Moblie Safari/537.36"
157.230.248.51 - - [02/Nov/2023:00:05:29 +0000] "GET /app.js HTTP/1.1" 502 568 "-" "Mozlila/5.0 (Linux; Android 7.0; SM-G892A Bulid/NRD90M; wv) AppleWebKit/537.36 (KHTML, like Gecko) Version/4.0 Chrome/60.0.3112.107 Moblie Safari/537.36"
157.230.248.51 - - [02/Nov/2023:00:05:30 +0000] "GET /application/.env HTTP/1.1" 502 568 "-" "Mozlila/5.0 (Linux; Android 7.0; SM-G892A Bulid/NRD90M; wv) AppleWebKit/537.36 (KHTML, like Gecko) Version/4.0 Chrome/60.0.3112.107 Moblie Safari/537.36"
157.230.248.51 - - [02/Nov/2023:00:05:32 +0000] "GET /apps/.env HTTP/1.1" 502 568 "-" "Mozlila/5.0 (Linux; Android 7.0; SM-G892A Bulid/NRD90M; wv) AppleWebKit/537.36 (KHTML, like Gecko) Version/4.0 Chrome/60.0.3112.107 Moblie Safari/537.36"
157.230.248.51 - - [02/Nov/2023:00:05:33 +0000] "GET /audio/.env HTTP/1.1" 502 568 "-" "Mozlila/5.0 (Linux; Android 7.0; SM-G892A Bulid/NRD90M; wv) AppleWebKit/537.36 (KHTML, like Gecko) Version/4.0 Chrome/60.0.3112.107 Moblie Safari/537.36"
157.230.248.51 - - [02/Nov/2023:00:05:34 +0000] "GET /aws_config.csv HTTP/1.1" 502 568 "-" "Mozlila/5.0 (Linux; Android 7.0; SM-G892A Bulid/NRD90M; wv) AppleWebKit/537.36 (KHTML, like Gecko) Version/4.0 Chrome/60.0.3112.107 Moblie Safari/537.36"
157.230.248.51 - - [02/Nov/2023:00:05:35 +0000] "GET /awsConfig.csv HTTP/1.1" 502 568 "-" "Mozlila/5.0 (Linux; Android 7.0; SM-G892A Bulid/NRD90M; wv) AppleWebKit/537.36 (KHTML, like Gecko) Version/4.0 Chrome/60.0.3112.107 Moblie Safari/537.36"
157.230.248.51 - - [02/Nov/2023:00:05:37 +0000] "GET /awsconfig.js HTTP/1.1" 502 568 "-" "Mozlila/5.0 (Linux; Android 7.0; SM-G892A Bulid/NRD90M; wv) AppleWebKit/537.36 (KHTML, like Gecko) Version/4.0 Chrome/60.0.3112.107 Moblie Safari/537.36"
157.230.248.51 - - [02/Nov/2023:00:05:38 +0000] "GET /aws-config.json HTTP/1.1" 502 568 "-" "Mozlila/5.0 (Linux; Android 7.0; SM-G892A Bulid/NRD90M; wv) AppleWebKit/537.36 (KHTML, like Gecko) Version/4.0 Chrome/60.0.3112.107 Moblie Safari/537.36"
157.230.248.51 - - [02/Nov/2023:00:05:39 +0000] "GET /aws_config.json HTTP/1.1" 502 568 "-" "Mozlila/5.0 (Linux; Android 7.0; SM-G892A Bulid/NRD90M; wv) AppleWebKit/537.36 (KHTML, like Gecko) Version/4.0 Chrome/60.0.3112.107 Moblie Safari/537.36"
157.230.248.51 - - [02/Nov/2023:00:05:41 +0000] "GET /awsSettings.js HTTP/1.1" 502 568 "-" "Mozlila/5.0 (Linux; Android 7.0; SM-G892A Bulid/NRD90M; wv) AppleWebKit/537.36 (KHTML, like Gecko) Version/4.0 Chrome/60.0.3112.107 Moblie Safari/537.36"
157.230.248.51 - - [02/Nov/2023:00:05:42 +0000] "GET /awstats/.env HTTP/1.1" 502 568 "-" "Mozlila/5.0 (Linux; Android 7.0; SM-G892A Bulid/NRD90M; wv) AppleWebKit/537.36 (KHTML, like Gecko) Version/4.0 Chrome/60.0.3112.107 Moblie Safari/537.36"
157.230.248.51 - - [02/Nov/2023:00:05:42 +0000] "GET /aws.yml HTTP/1.1" 502 568 "-" "Mozlila/5.0 (Linux; Android 7.0; SM-G892A Bulid/NRD90M; wv) AppleWebKit/537.36 (KHTML, like Gecko) Version/4.0 Chrome/60.0.3112.107 Moblie Safari/537.36"
157.230.248.51 - - [02/Nov/2023:00:05:43 +0000] "GET /backend/.env HTTP/1.1" 502 568 "-" "Mozlila/5.0 (Linux; Android 7.0; SM-G892A Bulid/NRD90M; wv) AppleWebKit/537.36 (KHTML, like Gecko) Version/4.0 Chrome/60.0.3112.107 Moblie Safari/537.36"
157.230.248.51 - - [02/Nov/2023:00:05:44 +0000] "GET /back/.env HTTP/1.1" 502 568 "-" "Mozlila/5.0 (Linux; Android 7.0; SM-G892A Bulid/NRD90M; wv) AppleWebKit/537.36 (KHTML, like Gecko) Version/4.0 Chrome/60.0.3112.107 Moblie Safari/537.36"
157.230.248.51 - - [02/Nov/2023:00:05:44 +0000] "GET /backup/.env HTTP/1.1" 502 568 "-" "Mozlila/5.0 (Linux; Android 7.0; SM-G892A Bulid/NRD90M; wv) AppleWebKit/537.36 (KHTML, like Gecko) Version/4.0 Chrome/60.0.3112.107 Moblie Safari/537.36"
157.230.248.51 - - [02/Nov/2023:00:05:45 +0000] "GET /bank/.env HTTP/1.1" 502 568 "-" "Mozlila/5.0 (Linux; Android 7.0; SM-G892A Bulid/NRD90M; wv) AppleWebKit/537.36 (KHTML, like Gecko) Version/4.0 Chrome/60.0.3112.107 Moblie Safari/537.36"
157.230.248.51 - - [02/Nov/2023:00:05:46 +0000] "GET /bitbucket-pipelines.yml HTTP/1.1" 502 568 "-" "Mozlila/5.0 (Linux; Android 7.0; SM-G892A Bulid/NRD90M; wv) AppleWebKit/537.36 (KHTML, like Gecko) Version/4.0 Chrome/60.0.3112.107 Moblie Safari/537.36"
157.230.248.51 - - [02/Nov/2023:00:05:47 +0000] "GET /blob/.env HTTP/1.1" 502 568 "-" "Mozlila/5.0 (Linux; Android 7.0; SM-G892A Bulid/NRD90M; wv) AppleWebKit/537.36 (KHTML, like Gecko) Version/4.0 Chrome/60.0.3112.107 Moblie Safari/537.36"
157.230.248.51 - - [02/Nov/2023:00:05:47 +0000] "GET /blog/.env HTTP/1.1" 502 568 "-" "Mozlila/5.0 (Linux; Android 7.0; SM-G892A Bulid/NRD90M; wv) AppleWebKit/537.36 (KHTML, like Gecko) Version/4.0 Chrome/60.0.3112.107 Moblie Safari/537.36"
157.230.248.51 - - [02/Nov/2023:00:05:49 +0000] "GET /blue/.env HTTP/1.1" 502 568 "-" "Mozlila/5.0 (Linux; Android 7.0; SM-G892A Bulid/NRD90M; wv) AppleWebKit/537.36 (KHTML, like Gecko) Version/4.0 Chrome/60.0.3112.107 Moblie Safari/537.36"
157.230.248.51 - - [02/Nov/2023:00:05:49 +0000] "GET /bootstrap/.env HTTP/1.1" 502 568 "-" "Mozlila/5.0 (Linux; Android 7.0; SM-G892A Bulid/NRD90M; wv) AppleWebKit/537.36 (KHTML, like Gecko) Version/4.0 Chrome/60.0.3112.107 Moblie Safari/537.36"
